ARM Linker, 5.03 [Build 76] [MDK-ARM Lite]

==============================================================================

Section Cross References

    system_stm32f1xx.o(i.SystemCoreClockUpdate) refers to system_stm32f1xx.o(.data) for SystemCoreClock
    system_stm32f1xx.o(i.SystemCoreClockUpdate) refers to system_stm32f1xx.o(.constdata) for AHBPrescTable
    stm32f1xx_hal_rcc.o(i.HAL_RCC_ClockConfig) refers to stm32f1xx_hal.o(i.HAL_GetTick) for HAL_GetTick
    stm32f1xx_hal_rcc.o(i.HAL_RCC_ClockConfig) refers to stm32f1xx_hal.o(i.HAL_InitTick) for HAL_InitTick
    stm32f1xx_hal_rcc.o(i.HAL_RCC_GetHCLKFreq) refers to stm32f1xx_hal_rcc.o(i.HAL_RCC_GetSysClockFreq) for HAL_RCC_GetSysClockFreq
    stm32f1xx_hal_rcc.o(i.HAL_RCC_GetHCLKFreq) refers to stm32f1xx_hal_rcc.o(.constdata) for aAPBAHBPrescTable
    stm32f1xx_hal_rcc.o(i.HAL_RCC_GetHCLKFreq) refers to system_stm32f1xx.o(.data) for SystemCoreClock
    stm32f1xx_hal_rcc.o(i.HAL_RCC_GetPCLK1Freq) refers to stm32f1xx_hal_rcc.o(i.HAL_RCC_GetHCLKFreq) for HAL_RCC_GetHCLKFreq
    stm32f1xx_hal_rcc.o(i.HAL_RCC_GetPCLK1Freq) refers to stm32f1xx_hal_rcc.o(.constdata) for aAPBAHBPrescTable
    stm32f1xx_hal_rcc.o(i.HAL_RCC_GetPCLK2Freq) refers to stm32f1xx_hal_rcc.o(i.HAL_RCC_GetHCLKFreq) for HAL_RCC_GetHCLKFreq
    stm32f1xx_hal_rcc.o(i.HAL_RCC_GetPCLK2Freq) refers to stm32f1xx_hal_rcc.o(.constdata) for aAPBAHBPrescTable
    stm32f1xx_hal_rcc.o(i.HAL_RCC_MCOConfig) refers to stm32f1xx_hal_gpio.o(i.HAL_GPIO_Init) for HAL_GPIO_Init
    stm32f1xx_hal_rcc.o(i.HAL_RCC_NMI_IRQHandler) refers to stm32f1xx_hal_rcc.o(i.HAL_RCC_CSSCallback) for HAL_RCC_CSSCallback
    stm32f1xx_hal_rcc.o(i.HAL_RCC_OscConfig) refers to stm32f1xx_hal.o(i.HAL_GetTick) for HAL_GetTick
    stm32f1xx_hal_rcc.o(i.HAL_RCC_OscConfig) refers to stm32f1xx_hal.o(i.HAL_Delay) for HAL_Delay
    stm32f1xx_hal_flash_ex.o(i.FLASH_MassErase) refers to stm32f1xx_hal_flash.o(.bss) for pFlash
    stm32f1xx_hal_flash_ex.o(i.FLASH_OB_DisableWRP) refers to stm32f1xx_hal_flash_ex.o(i.FLASH_OB_GetWRP) for FLASH_OB_GetWRP
    stm32f1xx_hal_flash_ex.o(i.FLASH_OB_DisableWRP) refers to stm32f1xx_hal_flash.o(i.FLASH_WaitForLastOperation) for FLASH_WaitForLastOperation
    stm32f1xx_hal_flash_ex.o(i.FLASH_OB_DisableWRP) refers to stm32f1xx_hal_flash_ex.o(i.HAL_FLASHEx_OBErase) for HAL_FLASHEx_OBErase
    stm32f1xx_hal_flash_ex.o(i.FLASH_OB_DisableWRP) refers to stm32f1xx_hal_flash.o(.bss) for pFlash
    stm32f1xx_hal_flash_ex.o(i.FLASH_OB_EnableWRP) refers to stm32f1xx_hal_flash_ex.o(i.FLASH_OB_GetWRP) for FLASH_OB_GetWRP
    stm32f1xx_hal_flash_ex.o(i.FLASH_OB_EnableWRP) refers to stm32f1xx_hal_flash.o(i.FLASH_WaitForLastOperation) for FLASH_WaitForLastOperation
    stm32f1xx_hal_flash_ex.o(i.FLASH_OB_EnableWRP) refers to stm32f1xx_hal_flash_ex.o(i.HAL_FLASHEx_OBErase) for HAL_FLASHEx_OBErase
    stm32f1xx_hal_flash_ex.o(i.FLASH_OB_EnableWRP) refers to stm32f1xx_hal_flash.o(.bss) for pFlash
    stm32f1xx_hal_flash_ex.o(i.FLASH_OB_ProgramData) refers to stm32f1xx_hal_flash.o(i.FLASH_WaitForLastOperation) for FLASH_WaitForLastOperation
    stm32f1xx_hal_flash_ex.o(i.FLASH_OB_ProgramData) refers to stm32f1xx_hal_flash.o(.bss) for pFlash
    stm32f1xx_hal_flash_ex.o(i.FLASH_OB_RDP_LevelConfig) refers to stm32f1xx_hal_flash.o(i.FLASH_WaitForLastOperation) for FLASH_WaitForLastOperation
    stm32f1xx_hal_flash_ex.o(i.FLASH_OB_RDP_LevelConfig) refers to stm32f1xx_hal_flash.o(.bss) for pFlash
    stm32f1xx_hal_flash_ex.o(i.FLASH_OB_UserConfig) refers to stm32f1xx_hal_flash.o(i.FLASH_WaitForLastOperation) for FLASH_WaitForLastOperation
    stm32f1xx_hal_flash_ex.o(i.FLASH_OB_UserConfig) refers to stm32f1xx_hal_flash.o(.bss) for pFlash
    stm32f1xx_hal_flash_ex.o(i.FLASH_PageErase) refers to stm32f1xx_hal_flash.o(.bss) for pFlash
    stm32f1xx_hal_flash_ex.o(i.HAL_FLASHEx_Erase) refers to stm32f1xx_hal_flash.o(i.FLASH_WaitForLastOperation) for FLASH_WaitForLastOperation
    stm32f1xx_hal_flash_ex.o(i.HAL_FLASHEx_Erase) refers to stm32f1xx_hal_flash_ex.o(i.FLASH_MassErase) for FLASH_MassErase
    stm32f1xx_hal_flash_ex.o(i.HAL_FLASHEx_Erase) refers to stm32f1xx_hal_flash_ex.o(i.FLASH_PageErase) for FLASH_PageErase
    stm32f1xx_hal_flash_ex.o(i.HAL_FLASHEx_Erase) refers to stm32f1xx_hal_flash.o(.bss) for pFlash
    stm32f1xx_hal_flash_ex.o(i.HAL_FLASHEx_Erase_IT) refers to stm32f1xx_hal_flash_ex.o(i.FLASH_MassErase) for FLASH_MassErase
    stm32f1xx_hal_flash_ex.o(i.HAL_FLASHEx_Erase_IT) refers to stm32f1xx_hal_flash_ex.o(i.FLASH_PageErase) for FLASH_PageErase
    stm32f1xx_hal_flash_ex.o(i.HAL_FLASHEx_Erase_IT) refers to stm32f1xx_hal_flash.o(.bss) for pFlash
    stm32f1xx_hal_flash_ex.o(i.HAL_FLASHEx_OBErase) refers to stm32f1xx_hal_flash_ex.o(i.FLASH_OB_GetRDP) for FLASH_OB_GetRDP
    stm32f1xx_hal_flash_ex.o(i.HAL_FLASHEx_OBErase) refers to stm32f1xx_hal_flash.o(i.FLASH_WaitForLastOperation) for FLASH_WaitForLastOperation
[...]
    Removing stm32f1xx_hal_rcc.o(i.HAL_RCC_EnableCSS), (24 bytes).
    Removing stm32f1xx_hal_rcc.o(i.HAL_RCC_GetClockConfig), (68 bytes).
    Removing stm32f1xx_hal_rcc.o(i.HAL_RCC_GetOscConfig), (212 bytes).
    Removing stm32f1xx_hal_rcc.o(i.HAL_RCC_GetPCLK1Freq), (44 bytes).
    Removing stm32f1xx_hal_rcc.o(i.HAL_RCC_GetPCLK2Freq), (44 bytes).
    Removing stm32f1xx_hal_rcc.o(i.HAL_RCC_MCOConfig), (100 bytes).
    Removing stm32f1xx_hal_rcc.o(i.HAL_RCC_NMI_IRQHandler), (32 bytes).
    Removing stm32f1xx_hal_flash_ex.o(.rev16_text), (4 bytes).
    Removing stm32f1xx_hal_flash_ex.o(.revsh_text), (4 bytes).
    Removing stm32f1xx_hal_flash_ex.o(.rrx_text), (6 bytes).
    Removing stm32f1xx_hal_flash_ex.o(i.FLASH_OB_DisableWRP), (232 bytes).
    Removing stm32f1xx_hal_flash_ex.o(i.FLASH_OB_EnableWRP), (236 bytes).
    Removing stm32f1xx_hal_flash_ex.o(i.FLASH_OB_GetRDP), (28 bytes).
    Removing stm32f1xx_hal_flash_ex.o(i.FLASH_OB_GetUser), (28 bytes).
    Removing stm32f1xx_hal_flash_ex.o(i.FLASH_OB_GetWRP), (12 bytes).
    Removing stm32f1xx_hal_flash_ex.o(i.FLASH_OB_ProgramData), (76 bytes).
    Removing stm32f1xx_hal_flash_ex.o(i.FLASH_OB_RDP_LevelConfig), (124 bytes).
    Removing stm32f1xx_hal_flash_ex.o(i.FLASH_OB_UserConfig), (84 bytes).
    Removing stm32f1xx_hal_flash_ex.o(i.HAL_FLASHEx_Erase_IT), (100 bytes).
    Removing stm32f1xx_hal_flash_ex.o(i.HAL_FLASHEx_OBErase), (96 bytes).
    Removing stm32f1xx_hal_flash_ex.o(i.HAL_FLASHEx_OBGetConfig), (28 bytes).
    Removing stm32f1xx_hal_flash_ex.o(i.HAL_FLASHEx_OBProgram), (98 bytes).
    Removing stm32f1xx_hal_cortex.o(.rev16_text), (4 bytes).
    Removing stm32f1xx_hal_cortex.o(.revsh_text), (4 bytes).
    Removing stm32f1xx_hal_cortex.o(.rrx_text), (6 bytes).
    Removing stm32f1xx_hal_cortex.o(i.HAL_NVIC_ClearPendingIRQ), (28 bytes).
    Removing stm32f1xx_hal_cortex.o(i.HAL_NVIC_DisableIRQ), (28 bytes).
    Removing stm32f1xx_hal_cortex.o(i.HAL_NVIC_GetActive), (40 bytes).
    Removing stm32f1xx_hal_cortex.o(i.HAL_NVIC_GetPendingIRQ), (40 bytes).
    Removing stm32f1xx_hal_cortex.o(i.HAL_NVIC_GetPriority), (148 bytes).
    Removing stm32f1xx_hal_cortex.o(i.HAL_NVIC_GetPriorityGrouping), (8 bytes).
    Removing stm32f1xx_hal_cortex.o(i.HAL_NVIC_SetPendingIRQ), (28 bytes).
    Removing stm32f1xx_hal_cortex.o(i.HAL_NVIC_SystemReset), (68 bytes).
    Removing stm32f1xx_hal_cortex.o(i.HAL_SYSTICK_CLKSourceConfig), (40 bytes).
    Removing stm32f1xx_hal.o(.rev16_text), (4 bytes).
    Removing stm32f1xx_hal.o(.revsh_text), (4 bytes).
    Removing stm32f1xx_hal.o(.rrx_text), (6 bytes).
    Removing stm32f1xx_hal.o(i.HAL_DBGMCU_DisableDBGSleepMode), (20 bytes).
    Removing stm32f1xx_hal.o(i.HAL_DBGMCU_DisableDBGStandbyMode), (20 bytes).
    Removing stm32f1xx_hal.o(i.HAL_DBGMCU_DisableDBGStopMode), (20 bytes).
    Removing stm32f1xx_hal.o(i.HAL_DBGMCU_EnableDBGSleepMode), (20 bytes).
    Removing stm32f1xx_hal.o(i.HAL_DBGMCU_EnableDBGStandbyMode), (20 bytes).
    Removing stm32f1xx_hal.o(i.HAL_DBGMCU_EnableDBGStopMode), (20 bytes).
    Removing stm32f1xx_hal.o(i.HAL_DeInit), (36 bytes).
    Removing stm32f1xx_hal.o(i.HAL_GetDEVID), (16 bytes).
    Removing stm32f1xx_hal.o(i.HAL_GetHalVersion), (6 bytes).
    Removing stm32f1xx_hal.o(i.HAL_GetREVID), (28 bytes).
    Removing stm32f1xx_hal.o(i.HAL_MspDeInit), (2 bytes).
    Removing stm32f1xx_hal.o(i.HAL_MspInit), (2 bytes).
    Removing stm32f1xx_hal.o(i.HAL_ResumeTick), (18 bytes).
    Removing stm32f1xx_hal.o(i.HAL_SuspendTick), (18 bytes).
    Removing stm32f1xx_hal_gpio_ex.o(.rev16_text), (4 bytes).
    Removing stm32f1xx_hal_gpio_ex.o(.revsh_text), (4 bytes).
    Removing stm32f1xx_hal_gpio_ex.o(.rrx_text), (6 bytes).
    Removing stm32f1xx_hal_gpio_ex.o(i.HAL_GPIOEx_ConfigEventout), (24 bytes).
    Removing stm32f1xx_hal_gpio_ex.o(i.HAL_GPIOEx_DisableEventout), (20 bytes).
    Removing stm32f1xx_hal_gpio_ex.o(i.HAL_GPIOEx_EnableEventout), (20 bytes).
    Removing stm32f1xx_hal_rcc_ex.o(.rev16_text), (4 bytes).
    Removing stm32f1xx_hal_rcc_ex.o(.revsh_text), (4 bytes).
    Removing stm32f1xx_hal_rcc_ex.o(.rrx_text), (6 bytes).
    Removing stm32f1xx_hal_rcc_ex.o(i.HAL_RCCEx_GetPeriphCLKConfig), (84 bytes).
    Removing stm32f1xx_hal_rcc_ex.o(i.HAL_RCCEx_GetPeriphCLKFreq), (356 bytes).
    Removing stm32f1xx_hal_rcc_ex.o(i.HAL_RCCEx_PeriphCLKConfig), (360 bytes).
    Removing stm32f1xx_hal_flash.o(.rev16_text), (4 bytes).
    Removing stm32f1xx_hal_flash.o(.revsh_text), (4 bytes).
    Removing stm32f1xx_hal_flash.o(.rrx_text), (6 bytes).
    Removing stm32f1xx_hal_flash.o(i.HAL_FLASH_EndOfOperationCallback), (2 bytes).
    Removing stm32f1xx_hal_flash.o(i.HAL_FLASH_GetError), (12 bytes).
    Removing stm32f1xx_hal_flash.o(i.HAL_FLASH_IRQHandler), (372 bytes).
    Removing stm32f1xx_hal_flash.o(i.HAL_FLASH_OB_Launch), (10 bytes).
    Removing stm32f1xx_hal_flash.o(i.HAL_FLASH_OB_Lock), (20 bytes).
    Removing stm32f1xx_hal_flash.o(i.HAL_FLASH_OB_Unlock), (44 bytes).
    Removing stm32f1xx_hal_flash.o(i.HAL_FLASH_OperationErrorCallback), (2 bytes).
    Removing stm32f1xx_hal_flash.o(i.HAL_FLASH_Program_IT), (124 bytes).
    Removing stm32f1xx_hal_pwr.o(.rev16_text), (4 bytes).
    Removing stm32f1xx_hal_pwr.o(.revsh_text), (4 bytes).
    Removing stm32f1xx_hal_pwr.o(.rrx_text), (6 bytes).
    Removing stm32f1xx_hal_pwr.o(i.HAL_PWR_ConfigPVD), (180 bytes).
    Removing stm32f1xx_hal_pwr.o(i.HAL_PWR_DeInit), (28 bytes).
    Removing stm32f1xx_hal_pwr.o(i.HAL_PWR_DisableBkUpAccess), (28 bytes).
    Removing stm32f1xx_hal_pwr.o(i.HAL_PWR_DisablePVD), (24 bytes).
    Removing stm32f1xx_hal_pwr.o(i.HAL_PWR_DisableSEVOnPend), (20 bytes).
    Removing stm32f1xx_hal_pwr.o(i.HAL_PWR_DisableSleepOnExit), (20 bytes).
    Removing stm32f1xx_hal_pwr.o(i.HAL_PWR_DisableWakeUpPin), (28 bytes).
    Removing stm32f1xx_hal_pwr.o(i.HAL_PWR_EnableBkUpAccess), (24 bytes).
    Removing stm32f1xx_hal_pwr.o(i.HAL_PWR_EnablePVD), (24 bytes).
    Removing stm32f1xx_hal_pwr.o(i.HAL_PWR_EnableSEVOnPend), (20 bytes).
    Removing stm32f1xx_hal_pwr.o(i.HAL_PWR_EnableSleepOnExit), (20 bytes).
    Removing stm32f1xx_hal_pwr.o(i.HAL_PWR_EnableWakeUpPin), (28 bytes).
    Removing stm32f1xx_hal_pwr.o(i.HAL_PWR_EnterSLEEPMode), (32 bytes).
    Removing stm32f1xx_hal_pwr.o(i.HAL_PWR_EnterSTANDBYMode), (40 bytes).
    Removing stm32f1xx_hal_pwr.o(i.HAL_PWR_EnterSTOPMode), (84 bytes).
    Removing stm32f1xx_hal_pwr.o(i.HAL_PWR_PVDCallback), (2 bytes).
    Removing stm32f1xx_hal_pwr.o(i.HAL_PWR_PVD_IRQHandler), (32 bytes).
    Removing stm32f1xx_hal_pwr.o(i.PWR_OverloadWfe), (6 bytes).
    Removing stm32f1xx_hal_dma.o(.rev16_text), (4 bytes).
    Removing stm32f1xx_hal_dma.o(.revsh_text), (4 bytes).
    Removing stm32f1xx_hal_dma.o(.rrx_text), (6 bytes).
    Removing stm32f1xx_hal_dma.o(i.DMA_SetConfig), (32 bytes).
    Removing stm32f1xx_hal_dma.o(i.HAL_DMA_Abort), (96 bytes).
    Removing stm32f1xx_hal_dma.o(i.HAL_DMA_DeInit), (1120 bytes).
    Removing stm32f1xx_hal_dma.o(i.HAL_DMA_GetError), (6 bytes).
    Removing stm32f1xx_hal_dma.o(i.HAL_DMA_GetState), (8 bytes).
    Removing stm32f1xx_hal_dma.o(i.HAL_DMA_IRQHandler), (2312 bytes).
    Removing stm32f1xx_hal_dma.o(i.HAL_DMA_Init), (84 bytes).
    Removing stm32f1xx_hal_dma.o(i.HAL_DMA_PollForTransfer), (1916 bytes).
    Removing stm32f1xx_hal_dma.o(i.HAL_DMA_Start), (82 bytes).
    Removing stm32f1xx_hal_dma.o(i.HAL_DMA_Start_IT), (118 bytes).
    Removing stm32f1xx_hal_gpio.o(.rev16_text), (4 bytes).
    Removing stm32f1xx_hal_gpio.o(.revsh_text), (4 bytes).
    Removing stm32f1xx_hal_gpio.o(.rrx_text), (6 bytes).
    Removing stm32f1xx_hal_gpio.o(i.HAL_GPIO_DeInit), (344 bytes).
    Removing stm32f1xx_hal_gpio.o(i.HAL_GPIO_EXTI_Callback), (2 bytes).
    Removing stm32f1xx_hal_gpio.o(i.HAL_GPIO_LockPin), (46 bytes).
    Removing stm32f1xx_hal_gpio.o(i.HAL_GPIO_ReadPin), (16 bytes).
    Removing stm32f1xx_hal_gpio.o(i.HAL_GPIO_TogglePin), (8 bytes).
    Removing stm32f1xx_hal_tim.o(.rev16_text), (4 bytes).
    Removing stm32f1xx_hal_tim.o(.revsh_text), (4 bytes).
    Removing stm32f1xx_hal_tim.o(.rrx_text), (6 bytes).
    Removing stm32f1xx_hal_tim.o(i.HAL_TIM_Base_DeInit), (70 bytes).
    Removing stm32f1xx_hal_tim.o(i.HAL_TIM_Base_GetState), (8 bytes).
    Removing stm32f1xx_hal_tim.o(i.HAL_TIM_Base_MspDeInit), (2 bytes).
    Removing stm32f1xx_hal_tim.o(i.HAL_TIM_Base_MspInit), (2 bytes).
    Removing stm32f1xx_hal_tim.o(i.HAL_TIM_Base_Start), (30 bytes).
    Removing stm32f1xx_hal_tim.o(i.HAL_TIM_Base_Start_DMA), (104 bytes).
    Removing stm32f1xx_hal_tim.o(i.HAL_TIM_Base_Stop), (56 bytes).
    Removing stm32f1xx_hal_tim.o(i.HAL_TIM_Base_Stop_DMA), (62 bytes).
    Removing stm32f1xx_hal_tim.o(i.HAL_TIM_Base_Stop_IT), (56 bytes).
    Removing stm32f1xx_hal_tim.o(i.HAL_TIM_ConfigOCrefClear), (264 bytes).
    Removing stm32f1xx_hal_tim.o(i.HAL_TIM_ConfigTI1Input), (24 bytes).
    Removing stm32f1xx_hal_tim.o(i.HAL_TIM_DMABurst_ReadStart), (388 bytes).
    Removing stm32f1xx_hal_tim.o(i.HAL_TIM_DMABurst_ReadStop), (128 bytes).
    Removing stm32f1xx_hal_tim.o(i.HAL_TIM_DMABurst_WriteStart), (388 bytes).
    Removing stm32f1xx_hal_tim.o(i.HAL_TIM_DMABurst_WriteStop), (128 bytes).
    Removing stm32f1xx_hal_tim.o(i.HAL_TIM_Encoder_DeInit), (70 bytes).
    Removing stm32f1xx_hal_tim.o(i.HAL_TIM_Encoder_GetState), (8 bytes).
    Removing stm32f1xx_hal_tim.o(i.HAL_TIM_Encoder_Init), (180 bytes).
    Removing stm32f1xx_hal_tim.o(i.HAL_TIM_Encoder_MspDeInit), (2 bytes).
    Removing stm32f1xx_hal_tim.o(i.HAL_TIM_Encoder_MspInit), (2 bytes).
    Removing stm32f1xx_hal_tim.o(i.HAL_TIM_Encoder_Start), (78 bytes).
    Removing stm32f1xx_hal_tim.o(i.HAL_TIM_Encoder_Start_DMA), (328 bytes).
    Removing stm32f1xx_hal_tim.o(i.HAL_TIM_Encoder_Start_IT), (126 bytes).
    Removing stm32f1xx_hal_tim.o(i.HAL_TIM_Encoder_Stop), (104 bytes).
    Removing stm32f1xx_hal_tim.o(i.HAL_TIM_Encoder_Stop_DMA), (152 bytes).
    Removing stm32f1xx_hal_tim.o(i.HAL_TIM_Encoder_Stop_IT), (152 bytes).
    Removing stm32f1xx_hal_tim.o(i.HAL_TIM_ErrorCallback), (2 bytes).
    Removing stm32f1xx_hal_tim.o(i.HAL_TIM_GenerateEvent), (54 bytes).
    Removing stm32f1xx_hal_tim.o(i.HAL_TIM_IC_ConfigChannel), (224 bytes).
    Removing stm32f1xx_hal_tim.o(i.HAL_TIM_IC_DeInit), (70 bytes).
    Removing stm32f1xx_hal_tim.o(i.HAL_TIM_IC_GetState), (8 bytes).
    Removing stm32f1xx_hal_tim.o(i.HAL_TIM_IC_Init), (52 bytes).
    Removing stm32f1xx_hal_tim.o(i.HAL_TIM_IC_MspDeInit), (2 bytes).
    Removing stm32f1xx_hal_tim.o(i.HAL_TIM_IC_MspInit), (2 bytes).
    Removing stm32f1xx_hal_tim.o(i.HAL_TIM_IC_Start), (32 bytes).
    Removing stm32f1xx_hal_tim.o(i.HAL_TIM_IC_Start_DMA), (268 bytes).
    Removing stm32f1xx_hal_tim.o(i.HAL_TIM_IC_Start_IT), (108 bytes).
    Removing stm32f1xx_hal_tim.o(i.HAL_TIM_IC_Stop), (58 bytes).
    Removing stm32f1xx_hal_tim.o(i.HAL_TIM_IC_Stop_DMA), (140 bytes).
    Removing stm32f1xx_hal_tim.o(i.HAL_TIM_IC_Stop_IT), (134 bytes).
    Removing stm32f1xx_hal_tim.o(i.HAL_TIM_OC_ConfigChannel), (116 bytes).
    Removing stm32f1xx_hal_tim.o(i.HAL_TIM_OC_DeInit), (70 bytes).
    Removing stm32f1xx_hal_tim.o(i.HAL_TIM_OC_GetState), (8 bytes).
    Removing stm32f1xx_hal_tim.o(i.HAL_TIM_OC_Init), (52 bytes).
    Removing stm32f1xx_hal_tim.o(i.HAL_TIM_OC_MspDeInit), (2 bytes).
    Removing stm32f1xx_hal_tim.o(i.HAL_TIM_OC_MspInit), (2 bytes).
    Removing stm32f1xx_hal_tim.o(i.HAL_TIM_OC_Start), (76 bytes).
    Removing stm32f1xx_hal_tim.o(i.HAL_TIM_OC_Start_DMA), (312 bytes).
    Removing stm32f1xx_hal_tim.o(i.HAL_TIM_OC_Start_IT), (152 bytes).
    Removing stm32f1xx_hal_tim.o(i.HAL_TIM_OC_Stop), (128 bytes).
    Removing stm32f1xx_hal_tim.o(i.HAL_TIM_OC_Stop_DMA), (212 bytes).
    Removing stm32f1xx_hal_tim.o(i.HAL_TIM_OC_Stop_IT), (204 bytes).
    Removing stm32f1xx_hal_tim.o(i.HAL_TIM_OnePulse_ConfigChannel), (286 bytes).
    Removing stm32f1xx_hal_tim.o(i.HAL_TIM_OnePulse_DeInit), (70 bytes).
    Removing stm32f1xx_hal_tim.o(i.HAL_TIM_OnePulse_GetState), (8 bytes).
    Removing stm32f1xx_hal_tim.o(i.HAL_TIM_OnePulse_Init), (76 bytes).
    Removing stm32f1xx_hal_tim.o(i.HAL_TIM_OnePulse_MspDeInit), (2 bytes).
    Removing stm32f1xx_hal_tim.o(i.HAL_TIM_OnePulse_MspInit), (2 bytes).
    Removing stm32f1xx_hal_tim.o(i.HAL_TIM_OnePulse_Start), (76 bytes).
    Removing stm32f1xx_hal_tim.o(i.HAL_TIM_OnePulse_Start_IT), (100 bytes).
    Removing stm32f1xx_hal_tim.o(i.HAL_TIM_OnePulse_Stop), (140 bytes).
    Removing stm32f1xx_hal_tim.o(i.HAL_TIM_OnePulse_Stop_IT), (164 bytes).
    Removing stm32f1xx_hal_tim.o(i.HAL_TIM_PWM_ConfigChannel), (264 bytes).
    Removing stm32f1xx_hal_tim.o(i.HAL_TIM_PWM_DeInit), (70 bytes).
    Removing stm32f1xx_hal_tim.o(i.HAL_TIM_PWM_GetState), (8 bytes).
    Removing stm32f1xx_hal_tim.o(i.HAL_TIM_PWM_Init), (52 bytes).
    Removing stm32f1xx_hal_tim.o(i.HAL_TIM_PWM_MspDeInit), (2 bytes).
    Removing stm32f1xx_hal_tim.o(i.HAL_TIM_PWM_MspInit), (2 bytes).
    Removing stm32f1xx_hal_tim.o(i.HAL_TIM_PWM_Start), (76 bytes).
    Removing stm32f1xx_hal_tim.o(i.HAL_TIM_PWM_Start_DMA), (312 bytes).
    Removing stm32f1xx_hal_tim.o(i.HAL_TIM_PWM_Start_IT), (152 bytes).
    Removing stm32f1xx_hal_tim.o(i.HAL_TIM_PWM_Stop), (136 bytes).
    Removing stm32f1xx_hal_tim.o(i.HAL_TIM_PWM_Stop_DMA), (212 bytes).
    Removing stm32f1xx_hal_tim.o(i.HAL_TIM_PWM_Stop_IT), (204 bytes).
    Removing stm32f1xx_hal_tim.o(i.HAL_TIM_ReadCapturedValue), (84 bytes).
    Removing stm32f1xx_hal_tim.o(i.HAL_TIM_SlaveConfigSynchronization), (86 bytes).
    Removing stm32f1xx_hal_tim.o(i.HAL_TIM_SlaveConfigSynchronization_IT), (86 bytes).
    Removing stm32f1xx_hal_tim.o(i.TIM_CCxChannelCmd), (28 bytes).
    Removing stm32f1xx_hal_tim.o(i.TIM_DMACaptureCplt), (70 bytes).
    Removing stm32f1xx_hal_tim.o(i.TIM_DMADelayPulseCplt), (70 bytes).
    Removing stm32f1xx_hal_tim.o(i.TIM_DMAError), (20 bytes).
    Removing stm32f1xx_hal_tim.o(i.TIM_DMAPeriodElapsedCplt), (20 bytes).
    Removing stm32f1xx_hal_tim.o(i.TIM_DMATriggerCplt), (20 bytes).
    Removing stm32f1xx_hal_tim.o(i.TIM_OC1_SetConfig), (120 bytes).
    Removing stm32f1xx_hal_tim.o(i.TIM_OC2_SetConfig), (128 bytes).
    Removing stm32f1xx_hal_tim.o(i.TIM_OC3_SetConfig), (128 bytes).
    Removing stm32f1xx_hal_tim.o(i.TIM_OC4_SetConfig), (88 bytes).
    Removing stm32f1xx_hal_tim.o(i.TIM_SlaveTimer_SetConfig), (162 bytes).
    Removing stm32f1xx_hal_tim.o(i.TIM_TI1_SetConfig), (128 bytes).
    Removing stm32f1xx_hal_tim.o(i.TIM_TI2_SetConfig), (62 bytes).
    Removing stm32f1xx_hal_tim.o(i.TIM_TI3_SetConfig), (60 bytes).
    Removing stm32f1xx_hal_tim.o(i.TIM_TI4_SetConfig), (64 bytes).
    Removing stm32f1xx_hal_tim_ex.o(.rev16_text), (4 bytes).
    Removing stm32f1xx_hal_tim_ex.o(.revsh_text), (4 bytes).
    Removing stm32f1xx_hal_tim_ex.o(.rrx_text), (6 bytes).
    Removing stm32f1xx_hal_tim_ex.o(i.HAL_TIMEx_ConfigBreakDeadTime), (80 bytes).
    Removing stm32f1xx_hal_tim_ex.o(i.HAL_TIMEx_ConfigCommutationEvent), (110 bytes).
    Removing stm32f1xx_hal_tim_ex.o(i.HAL_TIMEx_ConfigCommutationEvent_DMA), (144 bytes).
    Removing stm32f1xx_hal_tim_ex.o(i.HAL_TIMEx_ConfigCommutationEvent_IT), (122 bytes).
    Removing stm32f1xx_hal_tim_ex.o(i.HAL_TIMEx_HallSensor_DeInit), (70 bytes).
    Removing stm32f1xx_hal_tim_ex.o(i.HAL_TIMEx_HallSensor_GetState), (8 bytes).
    Removing stm32f1xx_hal_tim_ex.o(i.HAL_TIMEx_HallSensor_Init), (208 bytes).
    Removing stm32f1xx_hal_tim_ex.o(i.HAL_TIMEx_HallSensor_MspDeInit), (2 bytes).
    Removing stm32f1xx_hal_tim_ex.o(i.HAL_TIMEx_HallSensor_MspInit), (2 bytes).
    Removing stm32f1xx_hal_tim_ex.o(i.HAL_TIMEx_HallSensor_Start), (30 bytes).
    Removing stm32f1xx_hal_tim_ex.o(i.HAL_TIMEx_HallSensor_Start_DMA), (116 bytes).
    Removing stm32f1xx_hal_tim_ex.o(i.HAL_TIMEx_HallSensor_Start_IT), (42 bytes).
    Removing stm32f1xx_hal_tim_ex.o(i.HAL_TIMEx_HallSensor_Stop), (56 bytes).
    Removing stm32f1xx_hal_tim_ex.o(i.HAL_TIMEx_HallSensor_Stop_DMA), (68 bytes).
    Removing stm32f1xx_hal_tim_ex.o(i.HAL_TIMEx_HallSensor_Stop_IT), (68 bytes).
    Removing stm32f1xx_hal_tim_ex.o(i.HAL_TIMEx_OCN_Start), (44 bytes).
    Removing stm32f1xx_hal_tim_ex.o(i.HAL_TIMEx_OCN_Start_DMA), (280 bytes).
    Removing stm32f1xx_hal_tim_ex.o(i.HAL_TIMEx_OCN_Start_IT), (132 bytes).
    Removing stm32f1xx_hal_tim_ex.o(i.HAL_TIMEx_OCN_Stop), (96 bytes).
    Removing stm32f1xx_hal_tim_ex.o(i.HAL_TIMEx_OCN_Stop_DMA), (178 bytes).
    Removing stm32f1xx_hal_tim_ex.o(i.HAL_TIMEx_OCN_Stop_IT), (198 bytes).
    Removing stm32f1xx_hal_tim_ex.o(i.HAL_TIMEx_OnePulseN_Start), (32 bytes).
    Removing stm32f1xx_hal_tim_ex.o(i.HAL_TIMEx_OnePulseN_Start_IT), (56 bytes).
    Removing stm32f1xx_hal_tim_ex.o(i.HAL_TIMEx_OnePulseN_Stop), (96 bytes).
    Removing stm32f1xx_hal_tim_ex.o(i.HAL_TIMEx_OnePulseN_Stop_IT), (120 bytes).
    Removing stm32f1xx_hal_tim_ex.o(i.HAL_TIMEx_PWMN_Start), (44 bytes).
    Removing stm32f1xx_hal_tim_ex.o(i.HAL_TIMEx_PWMN_Start_DMA), (280 bytes).
    Removing stm32f1xx_hal_tim_ex.o(i.HAL_TIMEx_PWMN_Start_IT), (132 bytes).
    Removing stm32f1xx_hal_tim_ex.o(i.HAL_TIMEx_PWMN_Stop), (96 bytes).
    Removing stm32f1xx_hal_tim_ex.o(i.HAL_TIMEx_PWMN_Stop_DMA), (178 bytes).
    Removing stm32f1xx_hal_tim_ex.o(i.HAL_TIMEx_PWMN_Stop_IT), (198 bytes).
    Removing stm32f1xx_hal_tim_ex.o(i.TIMEx_DMACommutationCplt), (20 bytes).
    Removing stm32f1xx_hal_tim_ex.o(i.TIM_CCxNChannelCmd), (28 bytes).
    Removing startup_stm32f103xe.o(HEAP), (512 bytes).
    Removing stm32f1xx_hal_msp.o(.rev16_text), (4 bytes).
    Removing stm32f1xx_hal_msp.o(.revsh_text), (4 bytes).
    Removing stm32f1xx_hal_msp.o(.rrx_text), (6 bytes).
    Removing stm32f1xx_hal_msp.o(i.HAL_TIM_Base_MspDeInit), (40 bytes).
    Removing main.o(.rev16_text), (4 bytes).
    Removing main.o(.revsh_text), (4 bytes).
    Removing main.o(.rrx_text), (6 bytes).
    Removing main.o(i.MX_GPIO_Init), (80 bytes).
    Removing main.o(.bss), (16 bytes).
    Removing stm32f1xx_it.o(.rev16_text), (4 bytes).
    Removing stm32f1xx_it.o(.revsh_text), (4 bytes).
    Removing stm32f1xx_it.o(.rrx_text), (6 bytes).
    Removing hd4480.o(.rev16_text), (4 bytes).
    Removing hd4480.o(.revsh_text), (4 bytes).
    Removing hd4480.o(.rrx_text), (6 bytes).
    Removing hd4480.o(i.LCD_CursorDisplayShiftCommand), (26 bytes).
    Removing hd4480.o(i.LCD_DisplayOnOffCommand), (30 bytes).
    Removing hd4480.o(i.LCD_EntryModeCommand), (26 bytes).
    Removing hd4480.o(i.LCD_PutSignedInt), (102 bytes).
    Removing hd4480.o(i.LCD_SetCgramAddress), (16 bytes).
    Removing hd4480.o(i.LCD_WriteCustomCharacter), (52 bytes).
    Removing menu.o(.rev16_text), (4 bytes).
    Removing menu.o(.revsh_text), (4 bytes).
    Removing menu.o(.rrx_text), (6 bytes).
    Removing keyboard.o(.rev16_text), (4 bytes).
    Removing keyboard.o(.revsh_text), (4 bytes).
    Removing keyboard.o(.rrx_text), (6 bytes).
    Removing work_values.o(.rev16_text), (4 bytes).
    Removing work_values.o(.revsh_text), (4 bytes).
    Removing work_values.o(.rrx_text), (6 bytes).
    Removing out_dev.o(.rev16_text), (4 bytes).
    Removing out_dev.o(.revsh_text), (4 bytes).
    Removing out_dev.o(.rrx_text), (6 bytes).
    Removing work_timer.o(.rev16_text), (4 bytes).
    Removing work_timer.o(.revsh_text), (4 bytes).
    Removing work_timer.o(.rrx_text), (6 bytes).
    Removing work_timer.o(i.pauseTimerDevice), (6 bytes).
    Removing work_timer.o(i.restartTimerDevice), (6 bytes).
    Removing work_algorythm.o(.rev16_text), (4 bytes).
    Removing work_algorythm.o(.revsh_text), (4 bytes).
    Removing work_algorythm.o(.rrx_text), (6 bytes).

300 unused section(s) (total 24716 bytes) removed from the image.

==============================================================================

Image Symbol Table

    Local Symbols

    Symbol Name                              Value     Ov Type        Size  Object(Section)

    ../clib/microlib/init/entry.s            0x00000000   Number         0  entry10a.o ABSOLUTE
    ../clib/microlib/init/entry.s            0x00000000   Number         0  entry10b.o ABSOLUTE
    ../clib/microlib/init/entry.s            0x00000000   Number         0  entry11a.o ABSOLUTE
    ../clib/microlib/init/entry.s            0x00000000   Number         0  entry11b.o ABSOLUTE
    ../clib/microlib/init/entry.s            0x00000000   Number         0  entry8a.o ABSOLUTE
    ../clib/microlib/init/entry.s            0x00000000   Number         0  entry2.o ABSOLUTE
    ../clib/microlib/init/entry.s            0x00000000   Number         0  entry5.o ABSOLUTE
    ../clib/microlib/init/entry.s            0x00000000   Number         0  entry7a.o ABSOLUTE
    ../clib/microlib/init/entry.s            0x00000000   Number         0  entry7b.o ABSOLUTE
    ../clib/microlib/init/entry.s            0x00000000   Number         0  entry8b.o ABSOLUTE
    ../clib/microlib/init/entry.s            0x00000000   Number         0  entry.o ABSOLUTE
    ../clib/microlib/init/entry.s            0x00000000   Number         0  entry9a.o ABSOLUTE
    ../clib/microlib/init/entry.s            0x00000000   Number         0  entry9b.o ABSOLUTE
    ../clib/microlib/longlong.c              0x00000000   Number         0  llsshr.o ABSOLUTE
    ../clib/microlib/longlong.c              0x00000000   Number         0  llshl.o ABSOLUTE
    ../clib/microlib/longlong.c              0x00000000   Number         0  llushr.o ABSOLUTE
    ../clib/microlib/stubs.s                 0x00000000   Number         0  iusefp.o ABSOLUTE
    ../fplib/microlib/f2d.c                  0x00000000   Number         0  f2d.o ABSOLUTE
    ../fplib/microlib/fpadd.c                0x00000000   Number         0  dadd.o ABSOLUTE
    ../fplib/microlib/fpadd.c                0x00000000   Number         0  fadd.o ABSOLUTE
    ../fplib/microlib/fpdiv.c                0x00000000   Number         0  fdiv.o ABSOLUTE
    ../fplib/microlib/fpepilogue.c           0x00000000   Number         0  depilogue.o ABSOLUTE
    ../fplib/microlib/fpepilogue.c           0x00000000   Number         0  fepilogue.o ABSOLUTE
    ../fplib/microlib/fpfix.c                0x00000000   Number         0  dfixui.o ABSOLUTE
    ../fplib/microlib/fpfix.c                0x00000000   Number         0  ffixui.o ABSOLUTE
    ../fplib/microlib/fpflt.c                0x00000000   Number         0  ffltui.o ABSOLUTE
    ../fplib/microlib/fpmul.c                0x00000000   Number         0  dmul.o ABSOLUTE
    ../fplib/microlib/fpmul.c                0x00000000   Number         0  fmul.o ABSOLUTE
    ../mathlib/modf.c                        0x00000000   Number         0  modf.o ABSOLUTE
    ..\Drivers\CMSIS\Device\ST\STM32F1xx\Source\Templates\arm\startup_stm32f103xe.s 0x00000000   Number         0  startup_stm32f103xe.o ABSOLUTE
    ..\Drivers\CMSIS\Device\ST\STM32F1xx\Source\Templates\system_stm32f1xx.c 0x00000000   Number         0  system_stm32f1xx.o ABSOLUTE
    ..\Drivers\STM32F1xx_HAL_Driver\Src\stm32f1xx_hal.c 0x00000000   Number         0  stm32f1xx_hal.o ABSOLUTE
    ..\Drivers\STM32F1xx_HAL_Driver\Src\stm32f1xx_hal_cortex.c 0x00000000   Number         0  stm32f1xx_hal_cortex.o ABSOLUTE
    ..\Drivers\STM32F1xx_HAL_Driver\Src\stm32f1xx_hal_dma.c 0x00000000   Number         0  stm32f1xx_hal_dma.o ABSOLUTE
    ..\Drivers\STM32F1xx_HAL_Driver\Src\stm32f1xx_hal_flash.c 0x00000000   Number         0  stm32f1xx_hal_flash.o ABSOLUTE
    ..\Drivers\STM32F1xx_HAL_Driver\Src\stm32f1xx_hal_flash_ex.c 0x00000000   Number         0  stm32f1xx_hal_flash_ex.o ABSOLUTE
    ..\Drivers\STM32F1xx_HAL_Driver\Src\stm32f1xx_hal_gpio.c 0x00000000   Number         0  stm32f1xx_hal_gpio.o ABSOLUTE
    ..\Drivers\STM32F1xx_HAL_Driver\Src\stm32f1xx_hal_gpio_ex.c 0x00000000   Number         0  stm32f1xx_hal_gpio_ex.o ABSOLUTE
    ..\Drivers\STM32F1xx_HAL_Driver\Src\stm32f1xx_hal_pwr.c 0x00000000   Number         0  stm32f1xx_hal_pwr.o ABSOLUTE
    ..\Drivers\STM32F1xx_HAL_Driver\Src\stm32f1xx_hal_rcc.c 0x00000000   Number         0  stm32f1xx_hal_rcc.o ABSOLUTE
    ..\Drivers\STM32F1xx_HAL_Driver\Src\stm32f1xx_hal_rcc_ex.c 0x00000000   Number         0  stm32f1xx_hal_rcc_ex.o ABSOLUTE
    ..\Drivers\STM32F1xx_HAL_Driver\Src\stm32f1xx_hal_tim.c 0x00000000   Number         0  stm32f1xx_hal_tim.o ABSOLUTE
    ..\Drivers\STM32F1xx_HAL_Driver\Src\stm32f1xx_hal_tim_ex.c 0x00000000   Number         0  stm32f1xx_hal_tim_ex.o ABSOLUTE
    ..\Src\Menu.c                            0x00000000   Number         0  menu.o ABSOLUTE
    ..\Src\hd4480.c                          0x00000000   Number         0  hd4480.o ABSOLUTE
    ..\Src\keyboard.c                        0x00000000   Number         0  keyboard.o ABSOLUTE
    ..\Src\main.c                            0x00000000   Number         0  main.o ABSOLUTE
    ..\Src\out_dev.c                         0x00000000   Number         0  out_dev.o ABSOLUTE
    ..\Src\stm32f1xx_hal_msp.c               0x00000000   Number         0  stm32f1xx_hal_msp.o ABSOLUTE
    ..\Src\stm32f1xx_it.c                    0x00000000   Number         0  stm32f1xx_it.o ABSOLUTE
    ..\Src\work_algorythm.c                  0x00000000   Number         0  work_algorythm.o ABSOLUTE
    ..\Src\work_timer.c                      0x00000000   Number         0  work_timer.o ABSOLUTE
    ..\Src\work_values.c                     0x00000000   Number         0  work_values.o ABSOLUTE
    ..\\Drivers\\CMSIS\\Device\\ST\\STM32F1xx\\Source\\Templates\\system_stm32f1xx.c 0x00000000   Number         0  system_stm32f1xx.o ABSOLUTE
    ..\\Drivers\\STM32F1xx_HAL_Driver\\Src\\stm32f1xx_hal.c 0x00000000   Number         0  stm32f1xx_hal.o ABSOLUTE
    ..\\Drivers\\STM32F1xx_HAL_Driver\\Src\\stm32f1xx_hal_cortex.c 0x00000000   Number         0  stm32f1xx_hal_cortex.o ABSOLUTE
    ..\\Drivers\\STM32F1xx_HAL_Driver\\Src\\stm32f1xx_hal_dma.c 0x00000000   Number         0  stm32f1xx_hal_dma.o ABSOLUTE
    ..\\Drivers\\STM32F1xx_HAL_Driver\\Src\\stm32f1xx_hal_flash.c 0x00000000   Number         0  stm32f1xx_hal_flash.o ABSOLUTE
    ..\\Drivers\\STM32F1xx_HAL_Driver\\Src\\stm32f1xx_hal_flash_ex.c 0x00000000   Number         0  stm32f1xx_hal_flash_ex.o ABSOLUTE
    ..\\Drivers\\STM32F1xx_HAL_Driver\\Src\\stm32f1xx_hal_gpio.c 0x00000000   Number         0  stm32f1xx_hal_gpio.o ABSOLUTE
    ..\\Drivers\\STM32F1xx_HAL_Driver\\Src\\stm32f1xx_hal_gpio_ex.c 0x00000000   Number         0  stm32f1xx_hal_gpio_ex.o ABSOLUTE
    ..\\Drivers\\STM32F1xx_HAL_Driver\\Src\\stm32f1xx_hal_pwr.c 0x00000000   Number         0  stm32f1xx_hal_pwr.o ABSOLUTE
    ..\\Drivers\\STM32F1xx_HAL_Driver\\Src\\stm32f1xx_hal_rcc.c 0x00000000   Number         0  stm32f1xx_hal_rcc.o ABSOLUTE
    ..\\Drivers\\STM32F1xx_HAL_Driver\\Src\\stm32f1xx_hal_rcc_ex.c 0x00000000   Number         0  stm32f1xx_hal_rcc_ex.o ABSOLUTE
    ..\\Drivers\\STM32F1xx_HAL_Driver\\Src\\stm32f1xx_hal_tim.c 0x00000000   Number         0  stm32f1xx_hal_tim.o ABSOLUTE
    ..\\Drivers\\STM32F1xx_HAL_Driver\\Src\\stm32f1xx_hal_tim_ex.c 0x00000000   Number         0  stm32f1xx_hal_tim_ex.o ABSOLUTE
    ..\\Src\\Menu.c                          0x00000000   Number         0  menu.o ABSOLUTE
    ..\\Src\\hd4480.c                        0x00000000   Number         0  hd4480.o ABSOLUTE
    ..\\Src\\keyboard.c                      0x00000000   Number         0  keyboard.o ABSOLUTE
    ..\\Src\\main.c                          0x00000000   Number         0  main.o ABSOLUTE
    ..\\Src\\out_dev.c                       0x00000000   Number         0  out_dev.o ABSOLUTE
    ..\\Src\\stm32f1xx_hal_msp.c             0x00000000   Number         0  stm32f1xx_hal_msp.o ABSOLUTE
    ..\\Src\\stm32f1xx_it.c                  0x00000000   Number         0  stm32f1xx_it.o ABSOLUTE
    ..\\Src\\work_algorythm.c                0x00000000   Number         0  work_algorythm.o ABSOLUTE
    ..\\Src\\work_timer.c                    0x00000000   Number         0  work_timer.o ABSOLUTE
    ..\\Src\\work_values.c                   0x00000000   Number         0  work_values.o ABSOLUTE
    cfcmple.s                                0x00000000   Number         0  cfcmple.o ABSOLUTE
    cfrcmple.s                               0x00000000   Number         0  cfrcmple.o ABSOLUTE
    dc.s                                     0x00000000   Number         0  dc.o ABSOLUTE
    handlers.s                               0x00000000   Number         0  handlers.o ABSOLUTE
    init.s                                   0x00000000   Number         0  init.o ABSOLUTE
    RESET                                    0x08000000   Section      304  startup_stm32f103xe.o(RESET)
    .ARM.Collect$$$$00000000                 0x08000130   Section        0  entry.o(.ARM.Collect$$$$00000000)
    .ARM.Collect$$$$00000001                 0x08000130   Section        4  entry2.o(.ARM.Collect$$$$00000001)
    .ARM.Collect$$$$00000004                 0x08000134   Section        4  entry5.o(.ARM.Collect$$$$00000004)
    .ARM.Collect$$$$00000008                 0x08000138   Section        0  entry7b.o(.ARM.Collect$$$$00000008)
    .ARM.Collect$$$$0000000A                 0x08000138   Section        0  entry8b.o(.ARM.Collect$$$$0000000A)
    .ARM.Collect$$$$0000000B                 0x08000138   Section        8  entry9a.o(.ARM.Collect$$$$0000000B)
    .ARM.Collect$$$$0000000D                 0x08000140   Section        0  entry10a.o(.ARM.Collect$$$$0000000D)
    .ARM.Collect$$$$0000000F                 0x08000140   Section        0  entry11a.o(.ARM.Collect$$$$0000000F)
    .ARM.Collect$$$$00002712                 0x08000140   Section        4  entry2.o(.ARM.Collect$$$$00002712)
    __lit__00000000                          0x08000140   Data           4  entry2.o(.ARM.Collect$$$$00002712)
    .text                                    0x08000144   Section       36  startup_stm32f103xe.o(.text)
    .text                                    0x08000168   Section        0  llushr.o(.text)
    .text                                    0x08000188   Section        0  fadd.o(.text)
    .text                                    0x08000238   Section        0  fmul.o(.text)
    .text                                    0x080002a4   Section        0  fdiv.o(.text)
    .text                                    0x08000324   Section        0  dmul.o(.text)
    .text                                    0x08000408   Section        0  ffltui.o(.text)
    .text                                    0x08000412   Section        0  ffixui.o(.text)
    .text                                    0x0800043a   Section        0  dfixui.o(.text)
    .text                                    0x0800046c   Section        0  f2d.o(.text)
    .text                                    0x08000494   Section       20  cfcmple.o(.text)
    .text                                    0x080004a8   Section       20  cfrcmple.o(.text)
    .text                                    0x080004bc   Section        0  fepilogue.o(.text)
    .text                                    0x080004bc   Section        0  iusefp.o(.text)
    .text                                    0x08000528   Section        0  depilogue.o(.text)
    .text                                    0x080005e6   Section        0  dadd.o(.text)
    .text                                    0x08000734   Section       36  init.o(.text)
    .text                                    0x08000758   Section        0  llshl.o(.text)
    .text                                    0x08000776   Section        0  llsshr.o(.text)
    i.EXTI15_10_IRQHandler                   0x0800079a   Section        0  stm32f1xx_it.o(i.EXTI15_10_IRQHandler)
    i.EXTI9_5_IRQHandler                     0x080007ae   Section        0  stm32f1xx_it.o(i.EXTI9_5_IRQHandler)
    i.FLASH_MassErase                        0x080007c4   Section        0  stm32f1xx_hal_flash_ex.o(i.FLASH_MassErase)
    FLASH_MassErase                          0x080007c5   Thumb Code    30  stm32f1xx_hal_flash_ex.o(i.FLASH_MassErase)
    i.FLASH_PageErase                        0x080007ec   Section        0  stm32f1xx_hal_flash_ex.o(i.FLASH_PageErase)
    i.FLASH_Program_HalfWord                 0x08000814   Section        0  stm32f1xx_hal_flash.o(i.FLASH_Program_HalfWord)
    FLASH_Program_HalfWord                   0x08000815   Thumb Code    22  stm32f1xx_hal_flash.o(i.FLASH_Program_HalfWord)
    i.FLASH_SetErrorCode                     0x08000834   Section        0  stm32f1xx_hal_flash.o(i.FLASH_SetErrorCode)
    FLASH_SetErrorCode                       0x08000835   Thumb Code    94  stm32f1xx_hal_flash.o(i.FLASH_SetErrorCode)
    i.FLASH_WaitForLastOperation             0x0800089c   Section        0  stm32f1xx_hal_flash.o(i.FLASH_WaitForLastOperation)
    i.HAL_Delay                              0x08000908   Section        0  stm32f1xx_hal.o(i.HAL_Delay)
    i.HAL_FLASHEx_Erase                      0x08000924   Section        0  stm32f1xx_hal_flash_ex.o(i.HAL_FLASHEx_Erase)
    i.HAL_FLASH_Lock                         0x080009d4   Section        0  stm32f1xx_hal_flash.o(i.HAL_FLASH_Lock)
    i.HAL_FLASH_Program                      0x080009e8   Section        0  stm32f1xx_hal_flash.o(i.HAL_FLASH_Program)
    i.HAL_FLASH_Unlock                       0x08000a9c   Section        0  stm32f1xx_hal_flash.o(i.HAL_FLASH_Unlock)
    i.HAL_GPIO_EXTI_Callback                 0x08000ac8   Section        0  keyboard.o(i.HAL_GPIO_EXTI_Callback)
    i.HAL_GPIO_EXTI_IRQHandler               0x08000b28   Section        0  stm32f1xx_hal_gpio.o(i.HAL_GPIO_EXTI_IRQHandler)
    i.HAL_GPIO_Init                          0x08000b40   Section        0  stm32f1xx_hal_gpio.o(i.HAL_GPIO_Init)
    i.HAL_GPIO_WritePin                      0x08000e80   Section        0  stm32f1xx_hal_gpio.o(i.HAL_GPIO_WritePin)
    i.HAL_GetTick                            0x08000e8c   Section        0  stm32f1xx_hal.o(i.HAL_GetTick)
    i.HAL_IncTick                            0x08000e98   Section        0  stm32f1xx_hal.o(i.HAL_IncTick)
    i.HAL_Init                               0x08000ea8   Section        0  stm32f1xx_hal.o(i.HAL_Init)
    i.HAL_InitTick                           0x08000ed0   Section        0  stm32f1xx_hal.o(i.HAL_InitTick)
    i.HAL_MspInit                            0x08000ef4   Section        0  stm32f1xx_hal_msp.o(i.HAL_MspInit)
    i.HAL_NVIC_EnableIRQ                     0x08000f1c   Section        0  stm32f1xx_hal_cortex.o(i.HAL_NVIC_EnableIRQ)
    i.HAL_NVIC_SetPriority                   0x08000f38   Section        0  stm32f1xx_hal_cortex.o(i.HAL_NVIC_SetPriority)
    i.HAL_NVIC_SetPriorityGrouping           0x08000fb4   Section        0  stm32f1xx_hal_cortex.o(i.HAL_NVIC_SetPriorityGrouping)
    i.HAL_RCC_ClockConfig                    0x08000fdc   Section        0  stm32f1xx_hal_rcc.o(i.HAL_RCC_ClockConfig)
    i.HAL_RCC_GetHCLKFreq                    0x08001404   Section        0  stm32f1xx_hal_rcc.o(i.HAL_RCC_GetHCLKFreq)
    i.HAL_RCC_GetSysClockFreq                0x0800143c   Section        0  stm32f1xx_hal_rcc.o(i.HAL_RCC_GetSysClockFreq)
    i.HAL_RCC_OscConfig                      0x080014f0   Section        0  stm32f1xx_hal_rcc.o(i.HAL_RCC_OscConfig)
    i.HAL_SYSTICK_Callback                   0x08001e60   Section        0  stm32f1xx_hal_cortex.o(i.HAL_SYSTICK_Callback)
    i.HAL_SYSTICK_Config                     0x08001e62   Section        0  stm32f1xx_hal_cortex.o(i.HAL_SYSTICK_Config)
    i.HAL_SYSTICK_IRQHandler                 0x08001e96   Section        0  stm32f1xx_hal_cortex.o(i.HAL_SYSTICK_IRQHandler)
    i.HAL_TIMEx_BreakCallback                0x08001e9e   Section        0  stm32f1xx_hal_tim_ex.o(i.HAL_TIMEx_BreakCallback)
    i.HAL_TIMEx_CommutationCallback          0x08001ea0   Section        0  stm32f1xx_hal_tim_ex.o(i.HAL_TIMEx_CommutationCallback)
    i.HAL_TIMEx_MasterConfigSynchronization  0x08001ea2   Section        0  stm32f1xx_hal_tim_ex.o(i.HAL_TIMEx_MasterConfigSynchronization)
    i.HAL_TIM_Base_Init                      0x08001f04   Section        0  stm32f1xx_hal_tim.o(i.HAL_TIM_Base_Init)
    i.HAL_TIM_Base_MspInit                   0x08001f38   Section        0  stm32f1xx_hal_msp.o(i.HAL_TIM_Base_MspInit)
    i.HAL_TIM_Base_Start_IT                  0x08001f7c   Section        0  stm32f1xx_hal_tim.o(i.HAL_TIM_Base_Start_IT)
    i.HAL_TIM_ConfigClockSource              0x08001f9a   Section        0  stm32f1xx_hal_tim.o(i.HAL_TIM_ConfigClockSource)
    i.HAL_TIM_IC_CaptureCallback             0x080020cc   Section        0  stm32f1xx_hal_tim.o(i.HAL_TIM_IC_CaptureCallback)
    i.HAL_TIM_IRQHandler                     0x080020ce   Section        0  stm32f1xx_hal_tim.o(i.HAL_TIM_IRQHandler)
    i.HAL_TIM_OC_DelayElapsedCallback        0x08002264   Section        0  stm32f1xx_hal_tim.o(i.HAL_TIM_OC_DelayElapsedCallback)
    i.HAL_TIM_PWM_PulseFinishedCallback      0x08002266   Section        0  stm32f1xx_hal_tim.o(i.HAL_TIM_PWM_PulseFinishedCallback)
    i.HAL_TIM_PeriodElapsedCallback          0x08002268   Section        0  stm32f1xx_hal_tim.o(i.HAL_TIM_PeriodElapsedCallback)
    i.HAL_TIM_TriggerCallback                0x0800226a   Section        0  stm32f1xx_hal_tim.o(i.HAL_TIM_TriggerCallback)
    i.LCD_Clear                              0x0800226c   Section        0  hd4480.o(i.LCD_Clear)
    i.LCD_Goto                               0x08002280   Section        0  hd4480.o(i.LCD_Goto)
    i.LCD_Init                               0x080022b0   Section        0  hd4480.o(i.LCD_Init)
    i.LCD_LowLevel_Init                      0x08002334   Section        0  hd4480.o(i.LCD_LowLevel_Init)
    i.LCD_PutFloat                           0x08002378   Section        0  hd4480.o(i.LCD_PutFloat)
    i.LCD_PutUnsignedInt                     0x080023dc   Section        0  hd4480.o(i.LCD_PutUnsignedInt)
    i.LCD_Putc                               0x08002438   Section        0  hd4480.o(i.LCD_Putc)
    i.LCD_Puts                               0x0800249c   Section        0  hd4480.o(i.LCD_Puts)
    i.LCD_SendByte                           0x080024b4   Section        0  hd4480.o(i.LCD_SendByte)
    i.LCD_SendNibble                         0x080024f0   Section        0  hd4480.o(i.LCD_SendNibble)
    i.LCD_SetDdramAddress                    0x08002550   Section        0  hd4480.o(i.LCD_SetDdramAddress)
    i.NVIC_GetPriorityGrouping               0x08002560   Section        0  stm32f1xx_hal_cortex.o(i.NVIC_GetPriorityGrouping)
    NVIC_GetPriorityGrouping                 0x08002561   Thumb Code    10  stm32f1xx_hal_cortex.o(i.NVIC_GetPriorityGrouping)
    i.NVIC_SetPriority                       0x08002570   Section        0  stm32f1xx_hal_cortex.o(i.NVIC_SetPriority)
    NVIC_SetPriority                         0x08002571   Thumb Code    32  stm32f1xx_hal_cortex.o(i.NVIC_SetPriority)
    i.SysTick_Handler                        0x08002598   Section        0  stm32f1xx_it.o(i.SysTick_Handler)
    i.SystemClock_Config                     0x080025a4   Section        0  main.o(i.SystemClock_Config)
    i.SystemInit                             0x0800260c   Section        0  system_stm32f1xx.o(i.SystemInit)
    i.TIM3_IRQHandler                        0x08002664   Section        0  stm32f1xx_it.o(i.TIM3_IRQHandler)
    i.TIM_Base_SetConfig                     0x08002678   Section        0  stm32f1xx_hal_tim.o(i.TIM_Base_SetConfig)
    i.TIM_ETR_SetConfig                      0x08002708   Section        0  stm32f1xx_hal_tim.o(i.TIM_ETR_SetConfig)
    TIM_ETR_SetConfig                        0x08002709   Thumb Code    24  stm32f1xx_hal_tim.o(i.TIM_ETR_SetConfig)
    i.TIM_ITRx_SetConfig                     0x08002720   Section        0  stm32f1xx_hal_tim.o(i.TIM_ITRx_SetConfig)
    TIM_ITRx_SetConfig                       0x08002721   Thumb Code    20  stm32f1xx_hal_tim.o(i.TIM_ITRx_SetConfig)
    i.TIM_TI1_ConfigInputStage               0x08002734   Section        0  stm32f1xx_hal_tim.o(i.TIM_TI1_ConfigInputStage)
    TIM_TI1_ConfigInputStage                 0x08002735   Thumb Code    42  stm32f1xx_hal_tim.o(i.TIM_TI1_ConfigInputStage)
    i.TIM_TI2_ConfigInputStage               0x0800275e   Section        0  stm32f1xx_hal_tim.o(i.TIM_TI2_ConfigInputStage)
    TIM_TI2_ConfigInputStage                 0x0800275f   Thumb Code    44  stm32f1xx_hal_tim.o(i.TIM_TI2_ConfigInputStage)
    i.__scatterload_copy                     0x0800278a   Section       14  handlers.o(i.__scatterload_copy)
    i.__scatterload_null                     0x08002798   Section        2  handlers.o(i.__scatterload_null)
    i.__scatterload_zeroinit                 0x0800279a   Section       14  handlers.o(i.__scatterload_zeroinit)
    i.actionMenu                             0x080027a8   Section        0  menu.o(i.actionMenu)
    i.actionRepaint                          0x080028f8   Section        0  menu.o(i.actionRepaint)
    i.alCleaning                             0x08002964   Section        0  work_algorythm.o(i.alCleaning)
    i.alGasTaking                            0x080029c8   Section        0  work_algorythm.o(i.alGasTaking)
    i.alWorkSystem                           0x08002a30   Section        0  work_algorythm.o(i.alWorkSystem)
    i.changeDevState                         0x08002a48   Section        0  out_dev.o(i.changeDevState)
    i.disableAll                             0x08002a78   Section        0  out_dev.o(i.disableAll)
    i.disableDev                             0x08002ab8   Section        0  out_dev.o(i.disableDev)
    i.enableDev                              0x08002acc   Section        0  out_dev.o(i.enableDev)
    i.extiConfiguration                      0x08002ae0   Section        0  keyboard.o(i.extiConfiguration)
    extiConfiguration                        0x08002ae1   Thumb Code    94  keyboard.o(i.extiConfiguration)
    i.gpioDevInit                            0x08002b4c   Section        0  out_dev.o(i.gpioDevInit)
    i.initKeyboard                           0x08002be0   Section        0  keyboard.o(i.initKeyboard)
    i.initOutDevices                         0x08002be8   Section        0  out_dev.o(i.initOutDevices)
    i.initTimers                             0x08002c64   Section        0  work_timer.o(i.initTimers)
    i.inputMenu                              0x08002cc8   Section        0  menu.o(i.inputMenu)
    i.inputRepaint                           0x080031b4   Section        0  menu.o(i.inputRepaint)
    i.inputRepaintF                          0x080031f8   Section        0  menu.o(i.inputRepaintF)
    i.lcdMakeInitSettings                    0x0800323c   Section        0  menu.o(i.lcdMakeInitSettings)
    i.lcdMovePoint                           0x08003250   Section        0  menu.o(i.lcdMovePoint)
    i.lcdRepaintMenu                         0x08003280   Section        0  menu.o(i.lcdRepaintMenu)
    i.lcdStartWorking                        0x08003320   Section        0  menu.o(i.lcdStartWorking)
    i.main                                   0x08003344   Section        0  main.o(i.main)
    i.modf                                   0x080033a0   Section        0  modf.o(i.modf)
    i.moveDnMenu                             0x08003438   Section        0  menu.o(i.moveDnMenu)
    i.moveLfMenu                             0x080034c8   Section        0  menu.o(i.moveLfMenu)
    i.moveRgMenu                             0x08003530   Section        0  menu.o(i.moveRgMenu)
    i.moveUpMenu                             0x080035b0   Section        0  menu.o(i.moveUpMenu)
    i.readFromFlashMemory                    0x08003638   Section        0  work_values.o(i.readFromFlashMemory)
    i.resetTimersStructs                     0x080038dc   Section        0  work_timer.o(i.resetTimersStructs)
    i.secTimCallback                         0x08003934   Section        0  work_timer.o(i.secTimCallback)
    i.startTimerDevice                       0x08003a28   Section        0  work_timer.o(i.startTimerDevice)
    i.writeToFlashMemory                     0x08003a30   Section        0  work_values.o(i.writeToFlashMemory)
    .constdata                               0x08003dec   Section       16  stm32f1xx_hal_rcc.o(.constdata)
    .constdata                               0x08003dfc   Section       64  hd4480.o(.constdata)
    .constdata                               0x08003e3c   Section      816  menu.o(.constdata)
    NULL_ENTRY                               0x08003e3c   Data          24  menu.o(.constdata)
    .conststring                             0x0800416c   Section      245  menu.o(.conststring)
    .data                                    0x20000000   Section        4  system_stm32f1xx.o(.data)
    .data                                    0x20000004   Section        4  stm32f1xx_hal.o(.data)
    uwTick                                   0x20000004   Data           4  stm32f1xx_hal.o(.data)
    .data                                    0x20000008   Section        1  main.o(.data)
    .data                                    0x2000000c   Section       16  menu.o(.data)
    .data                                    0x2000001c   Section       68  work_values.o(.data)
    .data                                    0x20000060   Section       48  out_dev.o(.data)
    .data                                    0x20000090   Section       24  work_timer.o(.data)
    .bss                                     0x200000a8   Section       32  stm32f1xx_hal_flash.o(.bss)
    .bss                                     0x200000c8   Section       16  work_values.o(.bss)
    EraseInitStruct                          0x200000c8   Data          16  work_values.o(.bss)
    .bss                                     0x200000d8   Section       60  work_timer.o(.bss)
    STACK                                    0x20000118   Section     1024  startup_stm32f103xe.o(STACK)

    Global Symbols

    Symbol Name                              Value     Ov Type        Size  Object(Section)

    BuildAttributes$$THM_ISAv4$P$D$K$B$S$PE$A:L22UL41UL21$X:L11$S22US41US21$IEEE1$IW$USESV6$~STKCKD$USESV7$~SHL$OTIME$ROPI$IEEEJ$EBA8$MICROLIB$REQ8$PRES8$EABIv2 0x00000000   Number         0  anon$$obj.o ABSOLUTE
    __ARM_use_no_argv                        0x00000000   Number         0  main.o ABSOLUTE
    __cpp_initialize__aeabi_                  - Undefined Weak Reference
    __cxa_finalize                            - Undefined Weak Reference
    __decompress                              - Undefined Weak Reference
    _clock_init                               - Undefined Weak Reference
    _microlib_exit                            - Undefined Weak Reference
    __Vectors_Size                           0x00000130   Number         0  startup_stm32f103xe.o ABSOLUTE
    __Vectors                                0x08000000   Data           4  startup_stm32f103xe.o(RESET)
    __Vectors_End                            0x08000130   Data           0  startup_stm32f103xe.o(RESET)
    __main                                   0x08000131   Thumb Code     0  entry.o(.ARM.Collect$$$$00000000)
    _main_stk                                0x08000131   Thumb Code     0  entry2.o(.ARM.Collect$$$$00000001)
    _main_scatterload                        0x08000135   Thumb Code     0  entry5.o(.ARM.Collect$$$$00000004)
    __main_after_scatterload                 0x08000139   Thumb Code     0  entry5.o(.ARM.Collect$$$$00000004)
    _main_clock                              0x08000139   Thumb Code     0  entry7b.o(.ARM.Collect$$$$00000008)
    _main_cpp_init                           0x08000139   Thumb Code     0  entry8b.o(.ARM.Collect$$$$0000000A)
    _main_init                               0x08000139   Thumb Code     0  entry9a.o(.ARM.Collect$$$$0000000B)
    __rt_final_cpp                           0x08000141   Thumb Code     0  entry10a.o(.ARM.Collect$$$$0000000D)
    __rt_final_exit                          0x08000141   Thumb Code     0  entry11a.o(.ARM.Collect$$$$0000000F)
    Reset_Handler                            0x08000145   Thumb Code     8  startup_stm32f103xe.o(.text)
    NMI_Handler                              0x0800014d   Thumb Code     2  startup_stm32f103xe.o(.text)
    HardFault_Handler                        0x0800014f   Thumb Code     2  startup_stm32f103xe.o(.text)
    MemManage_Handler                        0x08000151   Thumb Code     2  startup_stm32f103xe.o(.text)
    BusFault_Handler                         0x08000153   Thumb Code     2  startup_stm32f103xe.o(.text)
    UsageFault_Handler                       0x08000155   Thumb Code     2  startup_stm32f103xe.o(.text)
    SVC_Handler                              0x08000157   Thumb Code     2  startup_stm32f103xe.o(.text)
    DebugMon_Handler                         0x08000159   Thumb Code     2  startup_stm32f103xe.o(.text)
    PendSV_Handler                           0x0800015b   Thumb Code     2  startup_stm32f103xe.o(.text)
    ADC1_2_IRQHandler                        0x0800015f   Thumb Code     0  startup_stm32f103xe.o(.text)
    ADC3_IRQHandler                          0x0800015f   Thumb Code     0  startup_stm32f103xe.o(.text)
    CAN1_RX1_IRQHandler                      0x0800015f   Thumb Code     0  startup_stm32f103xe.o(.text)
    CAN1_SCE_IRQHandler                      0x0800015f   Thumb Code     0  startup_stm32f103xe.o(.text)
    DMA1_Channel1_IRQHandler                 0x0800015f   Thumb Code     0  startup_stm32f103xe.o(.text)
    DMA1_Channel2_IRQHandler                 0x0800015f   Thumb Code     0  startup_stm32f103xe.o(.text)
    DMA1_Channel3_IRQHandler                 0x0800015f   Thumb Code     0  startup_stm32f103xe.o(.text)
    DMA1_Channel4_IRQHandler                 0x0800015f   Thumb Code     0  startup_stm32f103xe.o(.text)
    DMA1_Channel5_IRQHandler                 0x0800015f   Thumb Code     0  startup_stm32f103xe.o(.text)
    DMA1_Channel6_IRQHandler                 0x0800015f   Thumb Code     0  startup_stm32f103xe.o(.text)
    DMA1_Channel7_IRQHandler                 0x0800015f   Thumb Code     0  startup_stm32f103xe.o(.text)
    DMA2_Channel1_IRQHandler                 0x0800015f   Thumb Code     0  startup_stm32f103xe.o(.text)
    DMA2_Channel2_IRQHandler                 0x0800015f   Thumb Code     0  startup_stm32f103xe.o(.text)
    DMA2_Channel3_IRQHandler                 0x0800015f   Thumb Code     0  startup_stm32f103xe.o(.text)
    DMA2_Channel4_5_IRQHandler               0x0800015f   Thumb Code     0  startup_stm32f103xe.o(.text)
    EXTI0_IRQHandler                         0x0800015f   Thumb Code     0  startup_stm32f103xe.o(.text)
    EXTI1_IRQHandler                         0x0800015f   Thumb Code     0  startup_stm32f103xe.o(.text)
    EXTI2_IRQHandler                         0x0800015f   Thumb Code     0  startup_stm32f103xe.o(.text)
    EXTI3_IRQHandler                         0x0800015f   Thumb Code     0  startup_stm32f103xe.o(.text)
    EXTI4_IRQHandler                         0x0800015f   Thumb Code     0  startup_stm32f103xe.o(.text)
    FLASH_IRQHandler                         0x0800015f   Thumb Code     0  startup_stm32f103xe.o(.text)
    FSMC_IRQHandler                          0x0800015f   Thumb Code     0  startup_stm32f103xe.o(.text)
    I2C1_ER_IRQHandler                       0x0800015f   Thumb Code     0  startup_stm32f103xe.o(.text)
    I2C1_EV_IRQHandler                       0x0800015f   Thumb Code     0  startup_stm32f103xe.o(.text)
    I2C2_ER_IRQHandler                       0x0800015f   Thumb Code     0  startup_stm32f103xe.o(.text)
    I2C2_EV_IRQHandler                       0x0800015f   Thumb Code     0  startup_stm32f103xe.o(.text)
    PVD_IRQHandler                           0x0800015f   Thumb Code     0  startup_stm32f103xe.o(.text)
    RCC_IRQHandler                           0x0800015f   Thumb Code     0  startup_stm32f103xe.o(.text)
    RTC_Alarm_IRQHandler                     0x0800015f   Thumb Code     0  startup_stm32f103xe.o(.text)
    RTC_IRQHandler                           0x0800015f   Thumb Code     0  startup_stm32f103xe.o(.text)
    SDIO_IRQHandler                          0x0800015f   Thumb Code     0  startup_stm32f103xe.o(.text)
    SPI1_IRQHandler                          0x0800015f   Thumb Code     0  startup_stm32f103xe.o(.text)
    SPI2_IRQHandler                          0x0800015f   Thumb Code     0  startup_stm32f103xe.o(.text)
    SPI3_IRQHandler                          0x0800015f   Thumb Code     0  startup_stm32f103xe.o(.text)
    TAMPER_IRQHandler                        0x0800015f   Thumb Code     0  startup_stm32f103xe.o(.text)
    TIM1_BRK_IRQHandler                      0x0800015f   Thumb Code     0  startup_stm32f103xe.o(.text)
    TIM1_CC_IRQHandler                       0x0800015f   Thumb Code     0  startup_stm32f103xe.o(.text)
    TIM1_TRG_COM_IRQHandler                  0x0800015f   Thumb Code     0  startup_stm32f103xe.o(.text)
    TIM1_UP_IRQHandler                       0x0800015f   Thumb Code     0  startup_stm32f103xe.o(.text)
    TIM2_IRQHandler                          0x0800015f   Thumb Code     0  startup_stm32f103xe.o(.text)
    TIM4_IRQHandler                          0x0800015f   Thumb Code     0  startup_stm32f103xe.o(.text)
    TIM5_IRQHandler                          0x0800015f   Thumb Code     0  startup_stm32f103xe.o(.text)
    TIM6_IRQHandler                          0x0800015f   Thumb Code     0  startup_stm32f103xe.o(.text)
    TIM7_IRQHandler                          0x0800015f   Thumb Code     0  startup_stm32f103xe.o(.text)
    TIM8_BRK_IRQHandler                      0x0800015f   Thumb Code     0  startup_stm32f103xe.o(.text)
    TIM8_CC_IRQHandler                       0x0800015f   Thumb Code     0  startup_stm32f103xe.o(.text)
    TIM8_TRG_COM_IRQHandler                  0x0800015f   Thumb Code     0  startup_stm32f103xe.o(.text)
    TIM8_UP_IRQHandler                       0x0800015f   Thumb Code     0  startup_stm32f103xe.o(.text)
    UART4_IRQHandler                         0x0800015f   Thumb Code     0  startup_stm32f103xe.o(.text)
    UART5_IRQHandler                         0x0800015f   Thumb Code     0  startup_stm32f103xe.o(.text)
    USART1_IRQHandler                        0x0800015f   Thumb Code     0  startup_stm32f103xe.o(.text)
    USART2_IRQHandler                        0x0800015f   Thumb Code     0  startup_stm32f103xe.o(.text)
    USART3_IRQHandler                        0x0800015f   Thumb Code     0  startup_stm32f103xe.o(.text)
    USBWakeUp_IRQHandler                     0x0800015f   Thumb Code     0  startup_stm32f103xe.o(.text)
    USB_HP_CAN1_TX_IRQHandler                0x0800015f   Thumb Code     0  startup_stm32f103xe.o(.text)
    USB_LP_CAN1_RX0_IRQHandler               0x0800015f   Thumb Code     0  startup_stm32f103xe.o(.text)
    WWDG_IRQHandler                          0x0800015f   Thumb Code     0  startup_stm32f103xe.o(.text)
    __aeabi_llsr                             0x08000169   Thumb Code    32  llushr.o(.text)
    _ll_ushift_r                             0x08000169   Thumb Code     0  llushr.o(.text)
    __aeabi_fadd                             0x08000189   Thumb Code   164  fadd.o(.text)
    __aeabi_fsub                             0x0800022d   Thumb Code     6  fadd.o(.text)
    __aeabi_frsub                            0x08000233   Thumb Code     6  fadd.o(.text)
    __aeabi_fmul                             0x08000239   Thumb Code   108  fmul.o(.text)
    __aeabi_fdiv                             0x080002a5   Thumb Code   128  fdiv.o(.text)
    __aeabi_dmul                             0x08000325   Thumb Code   228  dmul.o(.text)
    __aeabi_ui2f                             0x08000409   Thumb Code    10  ffltui.o(.text)
    __aeabi_f2uiz                            0x08000413   Thumb Code    40  ffixui.o(.text)
    __aeabi_d2uiz                            0x0800043b   Thumb Code    50  dfixui.o(.text)
    __aeabi_f2d                              0x0800046d   Thumb Code    38  f2d.o(.text)
    __aeabi_cfcmpeq                          0x08000495   Thumb Code     0  cfcmple.o(.text)
    __aeabi_cfcmple                          0x08000495   Thumb Code    20  cfcmple.o(.text)
    __aeabi_cfrcmple                         0x080004a9   Thumb Code    20  cfrcmple.o(.text)
    __I$use$fp                               0x080004bd   Thumb Code     0  iusefp.o(.text)
    _float_round                             0x080004bd   Thumb Code    18  fepilogue.o(.text)
    _float_epilogue                          0x080004cf   Thumb Code    90  fepilogue.o(.text)
    _double_round                            0x08000529   Thumb Code    26  depilogue.o(.text)
    _double_epilogue                         0x08000543   Thumb Code   164  depilogue.o(.text)
    __aeabi_dadd                             0x080005e7   Thumb Code   322  dadd.o(.text)
    __aeabi_dsub                             0x08000729   Thumb Code     6  dadd.o(.text)
    __aeabi_drsub                            0x0800072f   Thumb Code     6  dadd.o(.text)
    __scatterload                            0x08000735   Thumb Code    28  init.o(.text)
    __scatterload_rt2                        0x08000735   Thumb Code     0  init.o(.text)
    __aeabi_llsl                             0x08000759   Thumb Code    30  llshl.o(.text)
    _ll_shift_l                              0x08000759   Thumb Code     0  llshl.o(.text)
    __aeabi_lasr                             0x08000777   Thumb Code    36  llsshr.o(.text)
    _ll_sshift_r                             0x08000777   Thumb Code     0  llsshr.o(.text)
    EXTI15_10_IRQHandler                     0x0800079b   Thumb Code    20  stm32f1xx_it.o(i.EXTI15_10_IRQHandler)
    EXTI9_5_IRQHandler                       0x080007af   Thumb Code    22  stm32f1xx_it.o(i.EXTI9_5_IRQHandler)
    FLASH_PageErase                          0x080007ed   Thumb Code    32  stm32f1xx_hal_flash_ex.o(i.FLASH_PageErase)
    FLASH_WaitForLastOperation               0x0800089d   Thumb Code   104  stm32f1xx_hal_flash.o(i.FLASH_WaitForLastOperation)
    HAL_Delay                                0x08000909   Thumb Code    26  stm32f1xx_hal.o(i.HAL_Delay)
    HAL_FLASHEx_Erase                        0x08000925   Thumb Code   168  stm32f1xx_hal_flash_ex.o(i.HAL_FLASHEx_Erase)
    HAL_FLASH_Lock                           0x080009d5   Thumb Code    16  stm32f1xx_hal_flash.o(i.HAL_FLASH_Lock)
    HAL_FLASH_Program                        0x080009e9   Thumb Code   172  stm32f1xx_hal_flash.o(i.HAL_FLASH_Program)
    HAL_FLASH_Unlock                         0x08000a9d   Thumb Code    30  stm32f1xx_hal_flash.o(i.HAL_FLASH_Unlock)
    HAL_GPIO_EXTI_Callback                   0x08000ac9   Thumb Code    92  keyboard.o(i.HAL_GPIO_EXTI_Callback)
    HAL_GPIO_EXTI_IRQHandler                 0x08000b29   Thumb Code    20  stm32f1xx_hal_gpio.o(i.HAL_GPIO_EXTI_IRQHandler)
    HAL_GPIO_Init                            0x08000b41   Thumb Code   790  stm32f1xx_hal_gpio.o(i.HAL_GPIO_Init)
    HAL_GPIO_WritePin                        0x08000e81   Thumb Code    12  stm32f1xx_hal_gpio.o(i.HAL_GPIO_WritePin)
    HAL_GetTick                              0x08000e8d   Thumb Code     6  stm32f1xx_hal.o(i.HAL_GetTick)
    HAL_IncTick                              0x08000e99   Thumb Code    12  stm32f1xx_hal.o(i.HAL_IncTick)
    HAL_Init                                 0x08000ea9   Thumb Code    34  stm32f1xx_hal.o(i.HAL_Init)
    HAL_InitTick                             0x08000ed1   Thumb Code    36  stm32f1xx_hal.o(i.HAL_InitTick)
    HAL_MspInit                              0x08000ef5   Thumb Code    36  stm32f1xx_hal_msp.o(i.HAL_MspInit)
    HAL_NVIC_EnableIRQ                       0x08000f1d   Thumb Code    28  stm32f1xx_hal_cortex.o(i.HAL_NVIC_EnableIRQ)
    HAL_NVIC_SetPriority                     0x08000f39   Thumb Code   124  stm32f1xx_hal_cortex.o(i.HAL_NVIC_SetPriority)
    HAL_NVIC_SetPriorityGrouping             0x08000fb5   Thumb Code    32  stm32f1xx_hal_cortex.o(i.HAL_NVIC_SetPriorityGrouping)
    HAL_RCC_ClockConfig                      0x08000fdd   Thumb Code  1060  stm32f1xx_hal_rcc.o(i.HAL_RCC_ClockConfig)
    HAL_RCC_GetHCLKFreq                      0x08001405   Thumb Code    42  stm32f1xx_hal_rcc.o(i.HAL_RCC_GetHCLKFreq)
    HAL_RCC_GetSysClockFreq                  0x0800143d   Thumb Code   146  stm32f1xx_hal_rcc.o(i.HAL_RCC_GetSysClockFreq)
    HAL_RCC_OscConfig                        0x080014f1   Thumb Code  2406  stm32f1xx_hal_rcc.o(i.HAL_RCC_OscConfig)
    HAL_SYSTICK_Callback                     0x08001e61   Thumb Code     2  stm32f1xx_hal_cortex.o(i.HAL_SYSTICK_Callback)
    HAL_SYSTICK_Config                       0x08001e63   Thumb Code    52  stm32f1xx_hal_cortex.o(i.HAL_SYSTICK_Config)
    HAL_SYSTICK_IRQHandler                   0x08001e97   Thumb Code     8  stm32f1xx_hal_cortex.o(i.HAL_SYSTICK_IRQHandler)
    HAL_TIMEx_BreakCallback                  0x08001e9f   Thumb Code     2  stm32f1xx_hal_tim_ex.o(i.HAL_TIMEx_BreakCallback)
    HAL_TIMEx_CommutationCallback            0x08001ea1   Thumb Code     2  stm32f1xx_hal_tim_ex.o(i.HAL_TIMEx_CommutationCallback)
    HAL_TIMEx_MasterConfigSynchronization    0x08001ea3   Thumb Code    98  stm32f1xx_hal_tim_ex.o(i.HAL_TIMEx_MasterConfigSynchronization)
    HAL_TIM_Base_Init                        0x08001f05   Thumb Code    52  stm32f1xx_hal_tim.o(i.HAL_TIM_Base_Init)
    HAL_TIM_Base_MspInit                     0x08001f39   Thumb Code    58  stm32f1xx_hal_msp.o(i.HAL_TIM_Base_MspInit)
    HAL_TIM_Base_Start_IT                    0x08001f7d   Thumb Code    30  stm32f1xx_hal_tim.o(i.HAL_TIM_Base_Start_IT)
    HAL_TIM_ConfigClockSource                0x08001f9b   Thumb Code   306  stm32f1xx_hal_tim.o(i.HAL_TIM_ConfigClockSource)
    HAL_TIM_IC_CaptureCallback               0x080020cd   Thumb Code     2  stm32f1xx_hal_tim.o(i.HAL_TIM_IC_CaptureCallback)
    HAL_TIM_IRQHandler                       0x080020cf   Thumb Code   406  stm32f1xx_hal_tim.o(i.HAL_TIM_IRQHandler)
    HAL_TIM_OC_DelayElapsedCallback          0x08002265   Thumb Code     2  stm32f1xx_hal_tim.o(i.HAL_TIM_OC_DelayElapsedCallback)
    HAL_TIM_PWM_PulseFinishedCallback        0x08002267   Thumb Code     2  stm32f1xx_hal_tim.o(i.HAL_TIM_PWM_PulseFinishedCallback)
    HAL_TIM_PeriodElapsedCallback            0x08002269   Thumb Code     2  stm32f1xx_hal_tim.o(i.HAL_TIM_PeriodElapsedCallback)
    HAL_TIM_TriggerCallback                  0x0800226b   Thumb Code     2  stm32f1xx_hal_tim.o(i.HAL_TIM_TriggerCallback)
    LCD_Clear                                0x0800226d   Thumb Code    20  hd4480.o(i.LCD_Clear)
    LCD_Goto                                 0x08002281   Thumb Code    48  hd4480.o(i.LCD_Goto)
    LCD_Init                                 0x080022b1   Thumb Code   126  hd4480.o(i.LCD_Init)
    LCD_LowLevel_Init                        0x08002335   Thumb Code    58  hd4480.o(i.LCD_LowLevel_Init)
    LCD_PutFloat                             0x08002379   Thumb Code    94  hd4480.o(i.LCD_PutFloat)
    LCD_PutUnsignedInt                       0x080023dd   Thumb Code    90  hd4480.o(i.LCD_PutUnsignedInt)
    LCD_Putc                                 0x08002439   Thumb Code    94  hd4480.o(i.LCD_Putc)
    LCD_Puts                                 0x0800249d   Thumb Code    24  hd4480.o(i.LCD_Puts)
    LCD_SendByte                             0x080024b5   Thumb Code    56  hd4480.o(i.LCD_SendByte)
    LCD_SendNibble                           0x080024f1   Thumb Code    90  hd4480.o(i.LCD_SendNibble)
    LCD_SetDdramAddress                      0x08002551   Thumb Code    16  hd4480.o(i.LCD_SetDdramAddress)
    SysTick_Handler                          0x08002599   Thumb Code    12  stm32f1xx_it.o(i.SysTick_Handler)
    SystemClock_Config                       0x080025a5   Thumb Code    98  main.o(i.SystemClock_Config)
    SystemInit                               0x0800260d   Thumb Code    70  system_stm32f1xx.o(i.SystemInit)
    TIM3_IRQHandler                          0x08002665   Thumb Code    14  stm32f1xx_it.o(i.TIM3_IRQHandler)
    TIM_Base_SetConfig                       0x08002679   Thumb Code   124  stm32f1xx_hal_tim.o(i.TIM_Base_SetConfig)
    __scatterload_copy                       0x0800278b   Thumb Code    14  handlers.o(i.__scatterload_copy)
    __scatterload_null                       0x08002799   Thumb Code     2  handlers.o(i.__scatterload_null)
    __scatterload_zeroinit                   0x0800279b   Thumb Code    14  handlers.o(i.__scatterload_zeroinit)
    actionMenu                               0x080027a9   Thumb Code   284  menu.o(i.actionMenu)
    actionRepaint                            0x080028f9   Thumb Code    72  menu.o(i.actionRepaint)
    alCleaning                               0x08002965   Thumb Code    70  work_algorythm.o(i.alCleaning)
    alGasTaking                              0x080029c9   Thumb Code    70  work_algorythm.o(i.alGasTaking)
    alWorkSystem                             0x08002a31   Thumb Code    18  work_algorythm.o(i.alWorkSystem)
    changeDevState                           0x08002a49   Thumb Code    46  out_dev.o(i.changeDevState)
    disableAll                               0x08002a79   Thumb Code    40  out_dev.o(i.disableAll)
    disableDev                               0x08002ab9   Thumb Code    20  out_dev.o(i.disableDev)
    enableDev                                0x08002acd   Thumb Code    20  out_dev.o(i.enableDev)
    gpioDevInit                              0x08002b4d   Thumb Code   134  out_dev.o(i.gpioDevInit)
    initKeyboard                             0x08002be1   Thumb Code     8  keyboard.o(i.initKeyboard)
    initOutDevices                           0x08002be9   Thumb Code    92  out_dev.o(i.initOutDevices)
    initTimers                               0x08002c65   Thumb Code    90  work_timer.o(i.initTimers)
    inputMenu                                0x08002cc9   Thumb Code  1216  menu.o(i.inputMenu)
    inputRepaint                             0x080031b5   Thumb Code    50  menu.o(i.inputRepaint)
    inputRepaintF                            0x080031f9   Thumb Code    50  menu.o(i.inputRepaintF)
    lcdMakeInitSettings                      0x0800323d   Thumb Code    16  menu.o(i.lcdMakeInitSettings)
    lcdMovePoint                             0x08003251   Thumb Code    46  menu.o(i.lcdMovePoint)
    lcdRepaintMenu                           0x08003281   Thumb Code   148  menu.o(i.lcdRepaintMenu)
    lcdStartWorking                          0x08003321   Thumb Code    24  menu.o(i.lcdStartWorking)
    main                                     0x08003345   Thumb Code    86  main.o(i.main)
    modf                                     0x080033a1   Thumb Code   144  modf.o(i.modf)
    moveDnMenu                               0x08003439   Thumb Code   136  menu.o(i.moveDnMenu)
    moveLfMenu                               0x080034c9   Thumb Code    96  menu.o(i.moveLfMenu)
    moveRgMenu                               0x08003531   Thumb Code   114  menu.o(i.moveRgMenu)
    moveUpMenu                               0x080035b1   Thumb Code   126  menu.o(i.moveUpMenu)
    readFromFlashMemory                      0x08003639   Thumb Code   618  work_values.o(i.readFromFlashMemory)
    resetTimersStructs                       0x080038dd   Thumb Code    62  work_timer.o(i.resetTimersStructs)
    secTimCallback                           0x08003935   Thumb Code   196  work_timer.o(i.secTimCallback)
    startTimerDevice                         0x08003a29   Thumb Code     8  work_timer.o(i.startTimerDevice)
    writeToFlashMemory                       0x08003a31   Thumb Code   892  work_values.o(i.writeToFlashMemory)
    aAPBAHBPrescTable                        0x08003dec   Data          16  stm32f1xx_hal_rcc.o(.constdata)
    kirilTable                               0x08003dfc   Data          64  hd4480.o(.constdata)
    m_Run                                    0x08003e54   Data          24  menu.o(.constdata)
    m_Sett                                   0x08003e6c   Data          24  menu.o(.constdata)
    us_FireMode                              0x08003e84   Data          24  menu.o(.constdata)
    us_FireModeChange                        0x08003e9c   Data          24  menu.o(.constdata)
    us_TempBoil                              0x08003eb4   Data          24  menu.o(.constdata)
    us_TempBoilChange                        0x08003ecc   Data          24  menu.o(.constdata)
    us_IgnTime                               0x08003ee4   Data          24  menu.o(.constdata)
    us_IgnTimeChange                         0x08003efc   Data          24  menu.o(.constdata)
    us_TanTime                               0x08003f14   Data          24  menu.o(.constdata)
    us_TanTimeChange                         0x08003f2c   Data          24  menu.o(.constdata)
    us_FuelIgn                               0x08003f44   Data          24  menu.o(.constdata)
    us_FuelIgnChange                         0x08003f5c   Data          24  menu.o(.constdata)
    us_ScrewFilling                          0x08003f74   Data          24  menu.o(.constdata)
    us_ScrewFillingChange                    0x08003f8c   Data          24  menu.o(.constdata)
    us_CleanPer                              0x08003fa4   Data          24  menu.o(.constdata)
    us_CleanPerChange                        0x08003fbc   Data          24  menu.o(.constdata)
    us_CleanTime                             0x08003fd4   Data          24  menu.o(.constdata)
    us_CleanTimeChange                       0x08003fec   Data          24  menu.o(.constdata)
    us_FlameBright                           0x08004004   Data          24  menu.o(.constdata)
    us_FlameBrightChange                     0x0800401c   Data          24  menu.o(.constdata)
    us_Diagnostic                            0x08004034   Data          24  menu.o(.constdata)
    d_ScrewTaker                             0x0800404c   Data          24  menu.o(.constdata)
    d_ScrewTakerChange                       0x08004064   Data          24  menu.o(.constdata)
    d_ScrewBurner                            0x0800407c   Data          24  menu.o(.constdata)
    d_ScrewBurnerChange                      0x08004094   Data          24  menu.o(.constdata)
    d_Tan                                    0x080040ac   Data          24  menu.o(.constdata)
    d_TanChange                              0x080040c4   Data          24  menu.o(.constdata)
    d_FireBar                                0x080040dc   Data          24  menu.o(.constdata)
    d_FireBarChange                          0x080040f4   Data          24  menu.o(.constdata)
    d_BoilerPump                             0x0800410c   Data          24  menu.o(.constdata)
    d_BoilerPumpChange                       0x08004124   Data          24  menu.o(.constdata)
    d_KettlePump                             0x0800413c   Data          24  menu.o(.constdata)
    d_KettlePumpChange                       0x08004154   Data          24  menu.o(.constdata)
    Region$$Table$$Base                      0x08004264   Number         0  anon$$obj.o(Region$$Table)
    Region$$Table$$Limit                     0x08004284   Number         0  anon$$obj.o(Region$$Table)
    SystemCoreClock                          0x20000000   Data           4  system_stm32f1xx.o(.data)
    workState                                0x20000008   Data           1  main.o(.data)
    MAIN_MENU_TEXT                           0x2000000c   Data           4  menu.o(.data)
    LCD_InitStr                              0x20000010   Data           3  menu.o(.data)
    activeItem                               0x20000014   Data           4  menu.o(.data)
    prevItem                                 0x20000018   Data           4  menu.o(.data)
    Address                                  0x2000001c   Data           4  work_values.o(.data)
    PAGEError                                0x20000020   Data           4  work_values.o(.data)
    clean_time                               0x20000024   Data           4  work_values.o(.data)
    clean_time_max                           0x20000028   Data           4  work_values.o(.data)
    clean_time_min                           0x2000002c   Data           4  work_values.o(.data)
    fire_mode                                0x20000030   Data           6  work_values.o(.data)
    temp_boil                                0x20000036   Data           6  work_values.o(.data)
    time_ign                                 0x2000003c   Data           6  work_values.o(.data)
    tan_work                                 0x20000042   Data           6  work_values.o(.data)
    fuel_ign                                 0x20000048   Data           6  work_values.o(.data)
    screw_fill                               0x2000004e   Data           6  work_values.o(.data)
    clean_per                                0x20000054   Data           6  work_values.o(.data)
    flame_bright                             0x2000005a   Data           6  work_values.o(.data)
    screwTake                                0x20000060   Data           8  out_dev.o(.data)
    screwIgn                                 0x20000068   Data           8  out_dev.o(.data)
    outTan                                   0x20000070   Data           8  out_dev.o(.data)
    outFireBar                               0x20000078   Data           8  out_dev.o(.data)
    outPumpBoil                              0x20000080   Data           8  out_dev.o(.data)
    outPumpCatl                              0x20000088   Data           8  out_dev.o(.data)
    ScrewTakerTimer                          0x20000090   Data           4  work_timer.o(.data)
    ScrewIgnTimer                            0x20000094   Data           4  work_timer.o(.data)
    FireBarTimer                             0x20000098   Data           4  work_timer.o(.data)
    TanTimer                                 0x2000009c   Data           4  work_timer.o(.data)
    PumpBoilTimer                            0x200000a0   Data           4  work_timer.o(.data)
    PumpCatlTimer                            0x200000a4   Data           4  work_timer.o(.data)
    pFlash                                   0x200000a8   Data          32  stm32f1xx_hal_flash.o(.bss)
    htim3                                    0x200000d8   Data          60  work_timer.o(.bss)
    __initial_sp                             0x20000518   Data           0  startup_stm32f103xe.o(STACK)



==============================================================================

Memory Map of the image

  Image Entry point : 0x08000131

  Load Region LR_IROM1 (Base: 0x08000000, Size: 0x0000432c, Max: 0x00040000, ABSOLUTE)

    Execution Region ER_IROM1 (Base: 0x08000000, Size: 0x00004284, Max: 0x00040000, ABSOLUTE)

    Base Addr    Size         Type   Attr      Idx    E Section Name        Object

    0x08000000   0x00000130   Data   RO         1896    RESET               startup_stm32f103xe.o
    0x08000130   0x00000000   Code   RO         2514  * .ARM.Collect$$$$00000000  mc_w.l(entry.o)
    0x08000130   0x00000004   Code   RO         2539    .ARM.Collect$$$$00000001  mc_w.l(entry2.o)
    0x08000134   0x00000004   Code   RO         2542    .ARM.Collect$$$$00000004  mc_w.l(entry5.o)
    0x08000138   0x00000000   Code   RO         2544    .ARM.Collect$$$$00000008  mc_w.l(entry7b.o)
    0x08000138   0x00000000   Code   RO         2546    .ARM.Collect$$$$0000000A  mc_w.l(entry8b.o)
    0x08000138   0x00000008   Code   RO         2547    .ARM.Collect$$$$0000000B  mc_w.l(entry9a.o)
    0x08000140   0x00000000   Code   RO         2549    .ARM.Collect$$$$0000000D  mc_w.l(entry10a.o)
    0x08000140   0x00000000   Code   RO         2551    .ARM.Collect$$$$0000000F  mc_w.l(entry11a.o)
    0x08000140   0x00000004   Code   RO         2540    .ARM.Collect$$$$00002712  mc_w.l(entry2.o)
    0x08000144   0x00000024   Code   RO         1897    .text               startup_stm32f103xe.o
    0x08000168   0x00000020   Code   RO         2517    .text               mc_w.l(llushr.o)
    0x08000188   0x000000b0   Code   RO         2519    .text               mf_w.l(fadd.o)
    0x08000238   0x0000006c   Code   RO         2521    .text               mf_w.l(fmul.o)
    0x080002a4   0x00000080   Code   RO         2523    .text               mf_w.l(fdiv.o)
    0x08000324   0x000000e4   Code   RO         2525    .text               mf_w.l(dmul.o)
    0x08000408   0x0000000a   Code   RO         2527    .text               mf_w.l(ffltui.o)
    0x08000412   0x00000028   Code   RO         2529    .text               mf_w.l(ffixui.o)
    0x0800043a   0x00000032   Code   RO         2531    .text               mf_w.l(dfixui.o)
    0x0800046c   0x00000026   Code   RO         2533    .text               mf_w.l(f2d.o)
    0x08000492   0x00000002   PAD
    0x08000494   0x00000014   Code   RO         2535    .text               mf_w.l(cfcmple.o)
    0x080004a8   0x00000014   Code   RO         2537    .text               mf_w.l(cfrcmple.o)
    0x080004bc   0x00000000   Code   RO         2553    .text               mc_w.l(iusefp.o)
    0x080004bc   0x0000006c   Code   RO         2554    .text               mf_w.l(fepilogue.o)
    0x08000528   0x000000be   Code   RO         2556    .text               mf_w.l(depilogue.o)
    0x080005e6   0x0000014e   Code   RO         2558    .text               mf_w.l(dadd.o)
    0x08000734   0x00000024   Code   RO         2560    .text               mc_w.l(init.o)
    0x08000758   0x0000001e   Code   RO         2562    .text               mc_w.l(llshl.o)
    0x08000776   0x00000024   Code   RO         2564    .text               mc_w.l(llsshr.o)
    0x0800079a   0x00000014   Code   RO         2000    i.EXTI15_10_IRQHandler  stm32f1xx_it.o
    0x080007ae   0x00000016   Code   RO         2001    i.EXTI9_5_IRQHandler  stm32f1xx_it.o
    0x080007c4   0x00000028   Code   RO          224    i.FLASH_MassErase   stm32f1xx_hal_flash_ex.o
    0x080007ec   0x00000028   Code   RO          233    i.FLASH_PageErase   stm32f1xx_hal_flash_ex.o
    0x08000814   0x00000020   Code   RO          652    i.FLASH_Program_HalfWord  stm32f1xx_hal_flash.o
    0x08000834   0x00000068   Code   RO          653    i.FLASH_SetErrorCode  stm32f1xx_hal_flash.o
    0x0800089c   0x0000006c   Code   RO          654    i.FLASH_WaitForLastOperation  stm32f1xx_hal_flash.o
    0x08000908   0x0000001a   Code   RO          453    i.HAL_Delay         stm32f1xx_hal.o
    0x08000922   0x00000002   PAD
    0x08000924   0x000000b0   Code   RO          234    i.HAL_FLASHEx_Erase  stm32f1xx_hal_flash_ex.o
    0x080009d4   0x00000014   Code   RO          658    i.HAL_FLASH_Lock    stm32f1xx_hal_flash.o
    0x080009e8   0x000000b4   Code   RO          663    i.HAL_FLASH_Program  stm32f1xx_hal_flash.o
    0x08000a9c   0x0000002c   Code   RO          665    i.HAL_FLASH_Unlock  stm32f1xx_hal_flash.o
    0x08000ac8   0x00000060   Code   RO         2284    i.HAL_GPIO_EXTI_Callback  keyboard.o
    0x08000b28   0x00000018   Code   RO          959    i.HAL_GPIO_EXTI_IRQHandler  stm32f1xx_hal_gpio.o
    0x08000b40   0x00000340   Code   RO          960    i.HAL_GPIO_Init     stm32f1xx_hal_gpio.o
    0x08000e80   0x0000000c   Code   RO          964    i.HAL_GPIO_WritePin  stm32f1xx_hal_gpio.o
    0x08000e8c   0x0000000c   Code   RO          457    i.HAL_GetTick       stm32f1xx_hal.o
    0x08000e98   0x00000010   Code   RO          458    i.HAL_IncTick       stm32f1xx_hal.o
    0x08000ea8   0x00000028   Code   RO          459    i.HAL_Init          stm32f1xx_hal.o
    0x08000ed0   0x00000024   Code   RO          460    i.HAL_InitTick      stm32f1xx_hal.o
    0x08000ef4   0x00000028   Code   RO         1904    i.HAL_MspInit       stm32f1xx_hal_msp.o
    0x08000f1c   0x0000001c   Code   RO          326    i.HAL_NVIC_EnableIRQ  stm32f1xx_hal_cortex.o
    0x08000f38   0x0000007c   Code   RO          332    i.HAL_NVIC_SetPriority  stm32f1xx_hal_cortex.o
    0x08000fb4   0x00000028   Code   RO          333    i.HAL_NVIC_SetPriorityGrouping  stm32f1xx_hal_cortex.o
    0x08000fdc   0x00000428   Code   RO          116    i.HAL_RCC_ClockConfig  stm32f1xx_hal_rcc.o
    0x08001404   0x00000038   Code   RO          121    i.HAL_RCC_GetHCLKFreq  stm32f1xx_hal_rcc.o
    0x0800143c   0x000000b4   Code   RO          125    i.HAL_RCC_GetSysClockFreq  stm32f1xx_hal_rcc.o
    0x080014f0   0x00000970   Code   RO          128    i.HAL_RCC_OscConfig  stm32f1xx_hal_rcc.o
    0x08001e60   0x00000002   Code   RO          336    i.HAL_SYSTICK_Callback  stm32f1xx_hal_cortex.o
    0x08001e62   0x00000034   Code   RO          337    i.HAL_SYSTICK_Config  stm32f1xx_hal_cortex.o
    0x08001e96   0x00000008   Code   RO          338    i.HAL_SYSTICK_IRQHandler  stm32f1xx_hal_cortex.o
    0x08001e9e   0x00000002   Code   RO         1664    i.HAL_TIMEx_BreakCallback  stm32f1xx_hal_tim_ex.o
    0x08001ea0   0x00000002   Code   RO         1665    i.HAL_TIMEx_CommutationCallback  stm32f1xx_hal_tim_ex.o
    0x08001ea2   0x00000062   Code   RO         1681    i.HAL_TIMEx_MasterConfigSynchronization  stm32f1xx_hal_tim_ex.o
    0x08001f04   0x00000034   Code   RO         1025    i.HAL_TIM_Base_Init  stm32f1xx_hal_tim.o
    0x08001f38   0x00000044   Code   RO         1906    i.HAL_TIM_Base_MspInit  stm32f1xx_hal_msp.o
    0x08001f7c   0x0000001e   Code   RO         1030    i.HAL_TIM_Base_Start_IT  stm32f1xx_hal_tim.o
    0x08001f9a   0x00000132   Code   RO         1034    i.HAL_TIM_ConfigClockSource  stm32f1xx_hal_tim.o
    0x080020cc   0x00000002   Code   RO         1054    i.HAL_TIM_IC_CaptureCallback  stm32f1xx_hal_tim.o
    0x080020ce   0x00000196   Code   RO         1067    i.HAL_TIM_IRQHandler  stm32f1xx_hal_tim.o
    0x08002264   0x00000002   Code   RO         1070    i.HAL_TIM_OC_DelayElapsedCallback  stm32f1xx_hal_tim.o
    0x08002266   0x00000002   Code   RO         1097    i.HAL_TIM_PWM_PulseFinishedCallback  stm32f1xx_hal_tim.o
    0x08002268   0x00000002   Code   RO         1104    i.HAL_TIM_PeriodElapsedCallback  stm32f1xx_hal_tim.o
    0x0800226a   0x00000002   Code   RO         1108    i.HAL_TIM_TriggerCallback  stm32f1xx_hal_tim.o
    0x0800226c   0x00000014   Code   RO         2049    i.LCD_Clear         hd4480.o
    0x08002280   0x00000030   Code   RO         2053    i.LCD_Goto          hd4480.o
    0x080022b0   0x00000084   Code   RO         2054    i.LCD_Init          hd4480.o
    0x08002334   0x00000044   Code   RO         2055    i.LCD_LowLevel_Init  hd4480.o
    0x08002378   0x00000064   Code   RO         2056    i.LCD_PutFloat      hd4480.o
    0x080023dc   0x0000005a   Code   RO         2058    i.LCD_PutUnsignedInt  hd4480.o
    0x08002436   0x00000002   PAD
    0x08002438   0x00000064   Code   RO         2059    i.LCD_Putc          hd4480.o
    0x0800249c   0x00000018   Code   RO         2060    i.LCD_Puts          hd4480.o
    0x080024b4   0x0000003c   Code   RO         2061    i.LCD_SendByte      hd4480.o
    0x080024f0   0x00000060   Code   RO         2062    i.LCD_SendNibble    hd4480.o
    0x08002550   0x00000010   Code   RO         2064    i.LCD_SetDdramAddress  hd4480.o
    0x08002560   0x00000010   Code   RO          339    i.NVIC_GetPriorityGrouping  stm32f1xx_hal_cortex.o
    0x08002570   0x00000028   Code   RO          340    i.NVIC_SetPriority  stm32f1xx_hal_cortex.o
    0x08002598   0x0000000c   Code   RO         2002    i.SysTick_Handler   stm32f1xx_it.o
    0x080025a4   0x00000068   Code   RO         1941    i.SystemClock_Config  main.o
    0x0800260c   0x00000058   Code   RO            5    i.SystemInit        system_stm32f1xx.o
    0x08002664   0x00000014   Code   RO         2003    i.TIM3_IRQHandler   stm32f1xx_it.o
    0x08002678   0x00000090   Code   RO         1109    i.TIM_Base_SetConfig  stm32f1xx_hal_tim.o
    0x08002708   0x00000018   Code   RO         1116    i.TIM_ETR_SetConfig  stm32f1xx_hal_tim.o
    0x08002720   0x00000014   Code   RO         1117    i.TIM_ITRx_SetConfig  stm32f1xx_hal_tim.o
    0x08002734   0x0000002a   Code   RO         1123    i.TIM_TI1_ConfigInputStage  stm32f1xx_hal_tim.o
    0x0800275e   0x0000002c   Code   RO         1125    i.TIM_TI2_ConfigInputStage  stm32f1xx_hal_tim.o
    0x0800278a   0x0000000e   Code   RO         2568    i.__scatterload_copy  mc_w.l(handlers.o)
    0x08002798   0x00000002   Code   RO         2569    i.__scatterload_null  mc_w.l(handlers.o)
    0x0800279a   0x0000000e   Code   RO         2570    i.__scatterload_zeroinit  mc_w.l(handlers.o)
    0x080027a8   0x00000150   Code   RO         2179    i.actionMenu        menu.o
    0x080028f8   0x0000006c   Code   RO         2256    i.actionRepaint     menu.o
    0x08002964   0x00000064   Code   RO         2477    i.alCleaning        work_algorythm.o
    0x080029c8   0x00000068   Code   RO         2478    i.alGasTaking       work_algorythm.o
    0x08002a30   0x00000018   Code   RO         2479    i.alWorkSystem      work_algorythm.o
    0x08002a48   0x0000002e   Code   RO         2356    i.changeDevState    out_dev.o
    0x08002a76   0x00000002   PAD
    0x08002a78   0x00000040   Code   RO         2357    i.disableAll        out_dev.o
    0x08002ab8   0x00000014   Code   RO         2358    i.disableDev        out_dev.o
    0x08002acc   0x00000014   Code   RO         2359    i.enableDev         out_dev.o
    0x08002ae0   0x0000006c   Code   RO         2285    i.extiConfiguration  keyboard.o
    0x08002b4c   0x00000094   Code   RO         2360    i.gpioDevInit       out_dev.o
    0x08002be0   0x00000008   Code   RO         2286    i.initKeyboard      keyboard.o
    0x08002be8   0x0000007c   Code   RO         2361    i.initOutDevices    out_dev.o
    0x08002c64   0x00000064   Code   RO         2416    i.initTimers        work_timer.o
    0x08002cc8   0x000004ec   Code   RO         2180    i.inputMenu         menu.o
    0x080031b4   0x00000044   Code   RO         2262    i.inputRepaint      menu.o
    0x080031f8   0x00000044   Code   RO         2268    i.inputRepaintF     menu.o
    0x0800323c   0x00000014   Code   RO         2181    i.lcdMakeInitSettings  menu.o
    0x08003250   0x0000002e   Code   RO         2182    i.lcdMovePoint      menu.o
    0x0800327e   0x00000002   PAD
    0x08003280   0x000000a0   Code   RO         2183    i.lcdRepaintMenu    menu.o
    0x08003320   0x00000024   Code   RO         2184    i.lcdStartWorking   menu.o
    0x08003344   0x0000005c   Code   RO         1942    i.main              main.o
    0x080033a0   0x00000098   Code   RO         2511    i.modf              m_ws.l(modf.o)
    0x08003438   0x00000090   Code   RO         2185    i.moveDnMenu        menu.o
    0x080034c8   0x00000068   Code   RO         2186    i.moveLfMenu        menu.o
    0x08003530   0x00000080   Code   RO         2187    i.moveRgMenu        menu.o
    0x080035b0   0x00000088   Code   RO         2188    i.moveUpMenu        menu.o
    0x08003638   0x000002a4   Code   RO         2319    i.readFromFlashMemory  work_values.o
    0x080038dc   0x00000058   Code   RO         2418    i.resetTimersStructs  work_timer.o
    0x08003934   0x000000f4   Code   RO         2420    i.secTimCallback    work_timer.o
    0x08003a28   0x00000008   Code   RO         2421    i.startTimerDevice  work_timer.o
    0x08003a30   0x000003bc   Code   RO         2320    i.writeToFlashMemory  work_values.o
    0x08003dec   0x00000010   Data   RO          129    .constdata          stm32f1xx_hal_rcc.o
    0x08003dfc   0x00000040   Data   RO         2066    .constdata          hd4480.o
    0x08003e3c   0x00000330   Data   RO         2189    .constdata          menu.o
    0x0800416c   0x000000f5   Data   RO         2190    .conststring        menu.o
    0x08004261   0x00000003   PAD
    0x08004264   0x00000020   Data   RO         2566    Region$$Table       anon$$obj.o


    Execution Region RW_IRAM1 (Base: 0x20000000, Size: 0x00000518, Max: 0x0000c000, ABSOLUTE)

    Base Addr    Size         Type   Attr      Idx    E Section Name        Object

    0x20000000   0x00000004   Data   RW            7    .data               system_stm32f1xx.o
    0x20000004   0x00000004   Data   RW          465    .data               stm32f1xx_hal.o
    0x20000008   0x00000001   Data   RW         1944    .data               main.o
    0x20000009   0x00000003   PAD
    0x2000000c   0x00000010   Data   RW         2191    .data               menu.o
    0x2000001c   0x00000044   Data   RW         2322    .data               work_values.o
    0x20000060   0x00000030   Data   RW         2362    .data               out_dev.o
    0x20000090   0x00000018   Data   RW         2423    .data               work_timer.o
    0x200000a8   0x00000020   Zero   RW          666    .bss                stm32f1xx_hal_flash.o
    0x200000c8   0x00000010   Zero   RW         2321    .bss                work_values.o
    0x200000d8   0x0000003c   Zero   RW         2422    .bss                work_timer.o
    0x20000114   0x00000004   PAD
    0x20000118   0x00000400   Zero   RW         1894    STACK               startup_stm32f103xe.o


==============================================================================

Image component sizes


      Code (inc. data)   RO Data    RW Data    ZI Data      Debug   Object Name

       754         38         64          0          0       8227   hd4480.o
       212         18          0          0          0       1656   keyboard.o
       196         12          0          1          0       3495   main.o
      2614        326       1061         16          0       8886   menu.o
       422         70          0         48          0       3889   out_dev.o
        36          8        304          0       1024        840   startup_stm32f103xe.o
       130         16          0          4          0       3302   stm32f1xx_hal.o
       310         22          0          0          0      26423   stm32f1xx_hal_cortex.o
       488         50          0          0         32       3806   stm32f1xx_hal_flash.o
       256         26          0          0          0       2267   stm32f1xx_hal_flash_ex.o
       868         46          0          0          0       3251   stm32f1xx_hal_gpio.o
       108         14          0          0          0       1221   stm32f1xx_hal_msp.o
      3716         98         16          0          0       4846   stm32f1xx_hal_rcc.o
      1078         20          0          0          0       8815   stm32f1xx_hal_tim.o
       102          0          0          0          0       2074   stm32f1xx_hal_tim_ex.o
        74          6          0          0          0       1660   stm32f1xx_it.o
        88         18          0          4          0     277969   system_stm32f1xx.o
       228         70          0          0          0       1294   work_algorythm.o
       440         84          0         24         60       3018   work_timer.o
      1632        122          0         68         16       2941   work_values.o

    ----------------------------------------------------------------------
     13760       1064       1480        168       1136     369880   Object Totals
         0          0         32          0          0          0   (incl. Generated)
         8          0          3          3          4          0   (incl. Padding)

    ----------------------------------------------------------------------

      Code (inc. data)   RO Data    RW Data    ZI Data      Debug   Library Member Name

       152          8          0          0          0        116   modf.o
         0          0          0          0          0          0   entry.o
         0          0          0          0          0          0   entry10a.o
         0          0          0          0          0          0   entry11a.o
         8          4          0          0          0          0   entry2.o
         4          0          0          0          0          0   entry5.o
         0          0          0          0          0          0   entry7b.o
         0          0          0          0          0          0   entry8b.o
         8          4          0          0          0          0   entry9a.o
        30          0          0          0          0          0   handlers.o
        36          8          0          0          0         68   init.o
         0          0          0          0          0          0   iusefp.o
        30          0          0          0          0         68   llshl.o
        36          0          0          0          0         68   llsshr.o
        32          0          0          0          0         68   llushr.o
        20          0          0          0          0         68   cfcmple.o
        20          0          0          0          0         68   cfrcmple.o
       334          0          0          0          0        148   dadd.o
       190          0          0          0          0        176   depilogue.o
        50          0          0          0          0         76   dfixui.o
       228          0          0          0          0         96   dmul.o
        38          0          0          0          0         68   f2d.o
       176          0          0          0          0        140   fadd.o
       128          0          0          0          0         88   fdiv.o
       108          0          0          0          0        168   fepilogue.o
        40          0          0          0          0         68   ffixui.o
        10          0          0          0          0         68   ffltui.o
       108          0          0          0          0         76   fmul.o

    ----------------------------------------------------------------------
      1788         24          0          0          0       1696   Library Totals
         2          0          0          0          0          0   (incl. Padding)

    ----------------------------------------------------------------------

      Code (inc. data)   RO Data    RW Data    ZI Data      Debug   Library Name

       152          8          0          0          0        116   m_ws.l
       184         16          0          0          0        272   mc_w.l
      1450          0          0          0          0       1308   mf_w.l

    ----------------------------------------------------------------------
      1788         24          0          0          0       1696   Library Totals

    ----------------------------------------------------------------------

==============================================================================


      Code (inc. data)   RO Data    RW Data    ZI Data      Debug   

     15548       1088       1480        168       1136     365804   Grand Totals
     15548       1088       1480        168       1136     365804   ELF Image Totals
     15548       1088       1480        168          0          0   ROM Totals

==============================================================================

    Total RO  Size (Code + RO Data)                17028 (  16.63kB)
    Total RW  Size (RW Data + ZI Data)              1304 (   1.27kB)
    Total ROM Size (Code + RO Data + RW Data)      17196 (  16.79kB)

==============================================================================

